43e00000 T _start
43e00020 t _undefined_instruction
43e00024 t _software_interrupt
43e00028 t _prefetch_abort
43e0002c t _data_abort
43e00030 t _not_used
43e00034 t _irq
43e00038 t _fiq
43e0003c t _pad
43e00040 T _TEXT_BASE
43e00040 T _end_vect
43e00044 T _bss_start_ofs
43e00048 T _bss_end_ofs
43e0004c T IRQ_STACK_START_IN
43e00050 t reset
43e00064 t call_board_init_f
43e00074 T relocate_code
43e00080 t stack_setup
43e000a0 t copy_loop
43e000d0 t fixloop
43e000f4 t fixabs
43e00108 t fixrel
43e00110 t fixnext
43e00120 t clear_bss
43e0013c t clbss_l
43e0014c t jump_2_ram
43e00164 t _board_init_r_ofs
43e00168 t _rel_dyn_start_ofs
43e0016c t _rel_dyn_end_ofs
43e00170 t _dynsym_start_ofs
43e00174 t cpu_init_crit
43e001c0 t undefined_instruction
43e00220 t software_interrupt
43e00280 t prefetch_abort
43e002e0 t data_abort
43e00340 t not_used
43e003a0 t irq
43e00400 t fiq
43e00460 t _TEXT_BASE
43e00464 T cache_init
43e00468 T lowlevel_init
43e00508 t v310_1
43e00518 t after_copy
43e00564 t _board_init_f
43e00568 t _second_boot_info
43e0056c t wakeup_reset
43e005c4 t skip_dmc
43e005e0 t wake_v310
43e005ec t exit_wakeup
43e00600 t read_om
43e00648 t mem_ctrl_asm_init
43e00670 T uart_asm_init
43e006dc t load_uboot
43e0071c t nand_boot
43e00728 t onenand_boot
43e00730 t mmcsd_boot
43e0074c t emmc_boot
43e00754 t emmc_boot_4_4
43e0078c t nor_boot
43e00790 t check_om_setting
43e00794 t onenandcon_init
43e00794 t wait_orwb
43e007cc t tzpc_init
43e0085c t mmc_ch4_devider_change
43e00880 T nand_asm_init
43e009cc T mem_ctrl_asm_init_r0
43e00d1c T mem_ctrl_asm_init_r1
43e00fbc T mem_ctrl_asm_init_r2
43e01248 T system_clock_init
43e01384 t skip_mpll
43e014b4 T board_get_hwrev
43e014c4 T board_init
43e015cc T dram_init
43e015d4 T dram_init_banksize
43e016dc T board_eth_init
43e016e4 T checkboard
43e01704 T board_late_init
43e0170c T board_mmc_init
43e0174c T Delay
43e01750 T IIC0_SCLH_SDAH
43e01770 T IIC0_SCLH_SDAL
43e01790 T IIC0_SCLL_SDAH
43e017b0 T IIC0_SCLL_SDAL
43e017d0 T IIC1_SCLH_SDAH
43e017f0 T IIC1_SCLH_SDAL
43e01810 T IIC1_SCLL_SDAH
43e01830 T IIC1_SCLL_SDAL
43e01850 T IIC3_SCLH_SDAH
43e01870 T IIC3_SCLH_SDAL
43e01890 T IIC3_SCLL_SDAH
43e018b0 T IIC3_SCLL_SDAL
43e018d0 T IIC0_ELow
43e018e8 T IIC0_EHigh
43e01900 T IIC1_ELow
43e01918 T IIC1_EHigh
43e01930 T IIC3_ELow
43e01948 T IIC3_EHigh
43e01960 T IIC0_EStart
43e01974 T IIC0_EEnd
43e01988 T IIC0_EAck_write
43e019e0 T IIC0_EAck_read
43e01a40 T IIC1_EStart
43e01a54 T IIC1_EEnd
43e01a68 T IIC1_EAck
43e01ac0 T IIC3_EStart
43e01ad4 T IIC3_EEnd
43e01ae8 T IIC3_EAck
43e01b40 T IIC0_ESetport
43e01b8c T IIC1_ESetport
43e01bd8 T IIC3_ESetport
43e01c24 T IIC0_EWrite
43e01cbc T IIC0_ERead
43e01dd4 T IIC1_EWrite
43e01e6c T IIC3_EWrite
43e01f04 T movi_uboot_copy
43e01f2c T usb_device_copy
43e01f44 T emmc_uboot_copy
43e01f68 T emmc_4_4_uboot_copy
43e01f8c T emmc_4_4_endbootOp_eMMC
43e01fa4 T movi_write_env
43e01fc0 T movi_read_env
43e01fdc T movi_write_bl1
43e0202c T copy_uboot_to_ram
43e020fc T onenand_readw
43e02104 T onenand_writew
43e0210c T onenand_loadpage
43e02144 T onenand_isbad
43e0216c T onenand_readpage
43e021a4 T onenand_bl2_copy
43e02200 T reset_cpu
43e02234 t GPIO_SetFunctionEach.clone.0
43e02264 T GPIO_Init
43e02278 T GPIO_SetFunctionEach
43e022a8 T GPIO_SetFunctionAll
43e022c0 T GPIO_SetDataEach
43e022f0 T GPIO_SetDataAll
43e0230c T GPIO_GetDataEach
43e02330 T GPIO_GetDataAll
43e0234c T GPIO_SetPullUpDownEach
43e02380 T GPIO_SetPullUpDownAll
43e0239c T ETC_SetPullUpDownEach
43e023cc T ETC_SetPullUpDownAll
43e023e4 T GPIO_SetDSEach
43e02418 T GPIO_SetDSAll
43e02444 T GPIO_SetConRegPDNAll
43e02460 T GPIO_SetPullUDPDNAll
43e0247c T GPIO_SetEint1
43e02578 T GPIO_EINT1ClrPend
43e0259c T GPIO_EINT1UnMask
43e025c4 T GPIO_EINT1Mask
43e025f4 T GPIO_SetEint2
43e026fc T GPIO_EINT2ClrPend
43e02720 T GPIO_EINT2UnMask
43e02748 T GPIO_EINT2Mask
43e02778 T GPIO_SetEint3
43e02880 T GPIO_EINT3ClrPend
43e028a4 T GPIO_EINT3UnMask
43e028cc T GPIO_EINT3Mask
43e028fc T GPIO_SetEint4
43e029e4 T GPIO_EINT4ClrPend
43e02a08 T GPIO_EINT4UnMask
43e02a30 T GPIO_EINT4Mask
43e02a60 T GPIO_SetEint5
43e02b48 T GPIO_EINT5ClrPend
43e02b6c T GPIO_EINT5UnMask
43e02b94 T GPIO_EINT5Mask
43e02bc4 T GPIO_SetEint6
43e02c80 T GPIO_EINT6ClrPend
43e02ca4 T GPIO_EINT6UnMask
43e02ccc T GPIO_EINT6Mask
43e02cfc T GPIO_SetEint7
43e02db8 T GPIO_EINT7ClrPend
43e02ddc T GPIO_EINT7UnMask
43e02e04 T GPIO_EINT7Mask
43e02e34 T GPIO_SetEint8
43e02f1c T GPIO_EINT8ClrPend
43e02f40 T GPIO_EINT8UnMask
43e02f68 T GPIO_EINT8Mask
43e02f98 T GPIO_SetEint9
43e030a0 T GPIO_EINT9ClrPend
43e030c4 T GPIO_EINT9UnMask
43e030ec T GPIO_EINT9Mask
43e0311c T GPIO_SetEint10
43e03224 T GPIO_EINT10ClrPend
43e03248 T GPIO_EINT10UnMask
43e03270 T GPIO_EINT10Mask
43e032a0 T GPIO_SetEint11
43e033a8 T GPIO_EINT11ClrPend
43e033cc T GPIO_EINT11UnMask
43e033f4 T GPIO_EINT11Mask
43e03424 T GPIO_SetEint12
43e0352c T GPIO_EINT12ClrPend
43e03550 T GPIO_EINT12UnMask
43e03578 T GPIO_EINT12Mask
43e035a8 T GPIO_SetEint13
43e036b0 T GPIO_EINT13ClrPend
43e036d4 T GPIO_EINT13UnMask
43e036fc T GPIO_EINT13Mask
43e0372c T GPIO_SetEint14
43e03834 T GPIO_EINT14ClrPend
43e03858 T GPIO_EINT14UnMask
43e03880 T GPIO_EINT14Mask
43e038b0 T GPIO_SetEint15
43e039b8 T GPIO_EINT15ClrPend
43e039dc T GPIO_EINT15UnMask
43e03a04 T GPIO_EINT15Mask
43e03a34 T GPIO_SetEint16
43e03b3c T GPIO_EINT16ClrPend
43e03b60 T GPIO_EINT16UnMask
43e03b88 T GPIO_EINT16Mask
43e03bb8 T GPIO_SetEint21
43e03ca4 T GPIO_EINT21ClrPend
43e03cc0 T GPIO_EINT21UnMask
43e03ce0 T GPIO_EINT21Mask
43e03d08 T GPIO_SetEint22
43e03dd4 T GPIO_EINT22ClrPend
43e03df0 T GPIO_EINT22UnMask
43e03e10 T GPIO_EINT22Mask
43e03e38 T GPIO_SetEint23
43e03f24 T GPIO_EINT23ClrPend
43e03f40 T GPIO_EINT23UnMask
43e03f60 T GPIO_EINT23Mask
43e03f88 T GPIO_SetEint24
43e04074 T GPIO_EINT24ClrPend
43e04090 T GPIO_EINT24UnMask
43e040b0 T GPIO_EINT24Mask
43e040d8 T GPIO_SetEint25
43e041c4 T GPIO_EINT25ClrPend
43e041e0 T GPIO_EINT25UnMask
43e04200 T GPIO_EINT25Mask
43e04228 T GPIO_SetEint26
43e04314 T GPIO_EINT26ClrPend
43e04330 T GPIO_EINT26UnMask
43e04350 T GPIO_EINT26Mask
43e04378 T GPIO_SetEint27
43e04464 T GPIO_EINT27ClrPend
43e04480 T GPIO_EINT27UnMask
43e044a0 T GPIO_EINT27Mask
43e044c8 T GPIO_SetEint28
43e04570 T GPIO_EINT28ClrPend
43e0458c T GPIO_EINT28UnMask
43e045ac T GPIO_EINT28Mask
43e045d4 T GPIO_SetEint29
43e046c0 T GPIO_EINT29ClrPend
43e046dc T GPIO_EINT29UnMask
43e046fc T GPIO_EINT29Mask
43e04724 T GPIO_SetEint40
43e04810 T GPIO_EINT40ClrPend
43e0482c T GPIO_EINT40UnMask
43e0484c T GPIO_EINT40Mask
43e04874 T GPIO_SetEint41
43e04960 T GPIO_EINT41ClrPend
43e0497c T GPIO_EINT41UnMask
43e0499c T GPIO_EINT41Mask
43e049c4 T GPIO_SetEint42
43e04ab0 T GPIO_EINT42ClrPend
43e04acc T GPIO_EINT42UnMask
43e04aec T GPIO_EINT42Mask
43e04b14 T GPIO_SetEint43
43e04c00 T GPIO_EINT43ClrPend
43e04c1c T GPIO_EINT43UnMask
43e04c3c T GPIO_EINT43Mask
43e04c64 T EINT_GRPPRI_XA
43e04c8c T EINT_GRPPRI_XB
43e04cac T EINT_PRIORITY_XA
43e04ce0 T EINT_PRIORITY_XB
43e04d0c T Get_EINTSVC_XA
43e04d28 T Get_EINTSVC_XB
43e04d3c T Get_EINTSVCPEND_XA
43e04d58 T Get_EINTSVCPEND_XB
43e04d6c T EINT_GRPFIXPRI_XA
43e04d94 T EINT_GRPFIXPRI_XB
43e04db4 T EINT_FIXPRI_XA
43e04df8 T EINT_FIXPRI_XB
43e04e3c T init_raw_area_table
43e05028 T get_device_type
43e05038 T print_cpuinfo
43e050a8 t get_PLLCLK
43e050fc T s5p_clock_init
43e05100 T get_APLL_CLK
43e05108 T get_MPLL_CLK
43e05110 T clear_hsmmc_clock_div
43e05134 T set_hsmmc_pre_ratio
43e0519c T setup_hsmmc_clock
43e0527c T setup_hsmmc_cfg_gpio
43e05304 T setup_sdhci0_cfg_card
43e053ac T cleanup_before_linux
43e053d4 T sdelay
43e053e0 T sr32
43e05400 T wait_on_value
43e05434 T timer_init
43e054a4 T set_timer
43e054bc T reset_timer_masked
43e054e4 T reset_timer
43e054e8 T get_timer_masked
43e05530 T get_timer
43e05544 T __udelay
43e055e0 T get_ticks
43e055f0 T get_tbclk
43e055f8 t display_banner
43e05618 T __coloured_LED_init
43e05618 W coloured_LED_init
43e0561c T __red_LED_on
43e0561c W red_LED_on
43e05620 T __red_LED_off
43e05620 W red_LED_off
43e05624 T __green_LED_on
43e05624 W green_LED_on
43e05628 T __green_LED_off
43e05628 W green_LED_off
43e0562c T __yellow_LED_on
43e0562c W yellow_LED_on
43e05630 T __yellow_LED_off
43e05630 W yellow_LED_off
43e05634 T __blue_LED_on
43e05634 W blue_LED_on
43e05638 T __blue_LED_off
43e05638 W blue_LED_off
43e0563c T __dram_init_banksize
43e05658 T board_init_r
43e05740 T hang
43e05754 T board_init_f
43e05890 t announce_and_cleanup
43e058a8 T arch_lmb_reserve
43e058cc T do_bootm_linux
43e05be4 T flush_cache
43e05be8 t cp_delay
43e05c18 t cache_enable
43e05ce0 t cache_disable
43e05d20 T icache_enable
43e05d28 T icache_disable
43e05d30 T icache_status
43e05d3c T dcache_enable
43e05d44 T dcache_disable
43e05d4c T dcache_status
43e05d58 T interrupt_init
43e05d74 T enable_interrupts
43e05d78 T disable_interrupts
43e05d80 T bad_mode
43e05d9c T show_regs
43e05edc T do_undefined_instruction
43e05f00 T do_software_interrupt
43e05f24 T do_prefetch_abort
43e05f48 T do_data_abort
43e05f6c T do_not_used
43e05f90 T do_fiq
43e05fb4 T do_irq
43e05fd8 T do_reset
43e06004 T do_bdinfo
43e06180 W do_go_exec
43e06198 T do_go
43e06208 t __fswab32
43e06210 T do_bootd
43e06234 t do_bootm_ose
43e0626c t do_bootm_rtems
43e062a8 t do_bootm_qnxelf
43e0630c t do_bootm_vxworks
43e06370 t do_bootm_netbsd
43e064a8 t image_check_magic.clone.8
43e064c8 t image_info
43e06590 T do_iminfo
43e065f0 t image_get_size.clone.9
43e065f4 t image_get_ep.clone.13
43e065f8 t bootm_load_os.clone.15
43e0673c t bootm_start
43e06b00 T __arch_preboot_os
43e06b00 W arch_preboot_os
43e06b04 T do_bootm_subcommand
43e06d7c T do_bootm
43e070c8 t on_off
43e07108 T do_dcache
43e0717c T do_icache
43e071f0 T do_coninfo
43e072a8 T do_echo
43e07328 t load_elf_image_shdr
43e073b8 W do_bootelf_exec
43e073fc T valid_elf_image
43e07448 T do_bootvx
43e076e0 T do_bootelf
43e07834 T do_exit
43e07864 T do_ext2load
43e07b80 T do_ext2ls
43e07ca8 T ext_format
43e07dac T do_ext3_format
43e07dbc T do_ext2_format
43e07dcc t reset_handler
43e07de8 t memparse
43e07e50 t write_to_ptn_sdmmc
43e0838c t parse_env.clone.1.clone.3
43e085a0 T LCD_turnon
43e085a4 T LCD_setfgcolor
43e085a8 T LCD_setleftcolor
43e085ac T LCD_setprogress
43e085b0 T fastboot_flash_add_ptn
43e085ec T fastboot_flash_dump_ptn
43e08758 T fastboot_flash_find_ptn
43e087cc t rx_handler
43e09240 T fastboot_flash_get_ptn
43e09264 t set_partition_table
43e09734 T do_fastboot
43e09d7c T fastboot_flash_get_ptn_count
43e09d8c T do_fat_format
43e09e74 T do_fat_fsinfo
43e09f74 T do_fat_ls
43e0a07c T do_fat_fsload
43e0a218 t __fswab32
43e0a220 t fdt_valid
43e0a310 t print_data
43e0a4c0 T set_working_fdt_addr
43e0a504 T do_fdt
43e0b168 T do_help
43e0b1b0 t evalstr
43e0b1cc t evalexp
43e0b23c T binary_test
43e0b41c T do_itest
43e0b4b4 t bin_data_init
43e0b4d0 t bin_data_char
43e0b4f0 t load_serial_ymodem
43e0b5e8 t getcxmodem
43e0b608 t load_serial
43e0b81c T do_load_serial
43e0b8f8 T send_pad
43e0b924 T ktrans
43e0b944 T chk1
43e0b96c T s1_sendpacket
43e0b990 T send_ack
43e0b9f0 T send_nack
43e0ba50 T k_data_init
43e0ba70 T k_data_save
43e0ba94 T k_data_restore
43e0bab8 T k_data_char
43e0bb08 T handle_send_packet
43e0bccc T do_load_serial_bin
43e0c124 T do_mem_crc
43e0c1c8 T do_mem_base
43e0c20c T do_mem_mtest
43e0c3b0 T do_mem_loop
43e0c4a8 T do_mem_cp
43e0c580 T do_mem_cmp
43e0c710 T do_mem_mw
43e0c7cc t mod_mem
43e0c918 T do_mem_nm
43e0c93c T do_mem_mm
43e0c960 T do_mem_md
43e0ca38 T do_sleep
43e0cab8 T do_mmcinfo
43e0cc8c T do_mmcops
43e0d09c T do_emmc
43e0d18c T calc_unit
43e0d1e0 T encode_chs
43e0d1fc T encode_partitionInfo
43e0d26c T decode_partitionInfo
43e0d2ac T get_SDInfo
43e0d39c T make_partitionInfo
43e0d548 T make_mmc_partition
43e0d94c T get_mmc_block_count
43e0d990 T get_mmc_mbr
43e0d9f0 T put_mmc_mbr
43e0da84 T get_mmc_part_info
43e0db28 T print_mmc_part_info
43e0dcbc T create_mmc_fdisk
43e0dd54 T do_fdisk
43e0ddec T do_movi
43e0e228 t mtd_part_info
43e0e2bc t index_partitions
43e0e378 t memsize_format
43e0e3cc t current_save
43e0e47c t part_sort_add
43e0e5a8 t part_delall
43e0e5ec t device_del
43e0e65c t memsize_parse
43e0e6c4 t get_mtd_info
43e0e744 t part_validate_eraseblock
43e0e904 t device_delall.clone.2
43e0e968 t mtd_devices_init
43e0e98c t generate_mtdparts_save.clone.1
43e0ec50 T mtd_device_validate
43e0ec80 T device_find
43e0eccc t device_parse
43e0f230 T mtd_id_parse
43e0f340 T find_dev_and_part
43e0f4f8 T mtdparts_init
43e0faec T do_mtdparts
43e10118 T do_chpart
43e101e0 T do_ping
43e10264 t netboot_common
43e10570 T do_nfs
43e1057c T do_tftpb
43e10588 T do_bootp
43e10594 t do_env
43e105f4 t do_env_delete
43e1060c t do_env_import
43e10848 t do_env_default
43e10890 T do_env_save
43e108bc t env_print
43e10938 T do_env_print
43e109b8 T get_env_id
43e109c8 T _do_env_set
43e10d5c T do_env_set
43e10d78 T setenv
43e10dc8 t do_env_export
43e10fd0 T envmatch
43e11034 T getenv_f
43e110ec T getenv
43e11138 T do_env_edit
43e111a0 T do_reginfo
43e111a8 t __fswab32
43e111b0 T source
43e112d4 T do_source
43e1131c T do_false
43e11324 T do_true
43e1132c T do_test
43e1179c T usb_get_class_desc
43e11848 T usb_display_class_sub
43e119bc T usb_display_string
43e119fc T usb_display_desc
43e11b24 T usb_display_conf_desc
43e11bd0 T usb_display_if_desc
43e11c58 T usb_display_ep_desc
43e11d14 T usb_display_config
43e11da0 T usb_show_tree_graph
43e11fc0 T usb_show_tree
43e11ff4 T do_usb
43e121cc T do_usbd_dnw
43e122d8 T do_version
43e122f8 T do_imgextract
43e125bc T find_cmd_tbl
43e12658 T find_cmd
43e12684 T cmd_usage
43e126e0 T _do_help
43e12868 T cmd_get_data_size
43e128b8 t console_setfile
43e1295c T serial_printf
43e129a0 T fgetc
43e129cc T ftstc
43e129f8 T fputc
43e12a20 T fputs
43e12a48 T fprintf
43e12a94 T getc
43e12aac T tstc
43e12ac4 T putc
43e12ae0 T puts
43e12afc T printf
43e12b40 T vprintf
43e12b78 T ctrlc
43e12bc4 T disable_ctrlc
43e12bdc T had_ctrlc
43e12bec T clear_ctrlc
43e12c00 T dbg
43e12c0c T search_device
43e12c34 T console_assign
43e12c74 T console_init_f
43e12c84 T stdio_print_current_devices
43e12d3c T console_init_r
43e12e1c T check_compress_ext4
43e12f08 T write_compressed_ext4
43e12fdc T sbrk
43e13038 T mem_malloc_init
43e13058 T malloc_trim
43e13128 T free
43e13348 T cfree
43e1334c T malloc
43e13900 T calloc
43e139e0 T memalign
43e13af0 T pvalloc
43e13b08 T valloc
43e13b14 T realloc
43e13f64 T malloc_usable_size
43e13fa4 T mallopt
43e14018 t use_default
43e140a8 T env_get_char_spec
43e140b4 T env_init
43e140d0 T saveenv_movinand
43e14150 T saveenv
43e141a4 T env_relocate_spec_movinand
43e141f4 T env_relocate_spec
43e14250 T env_get_addr
43e14274 T env_get_char_memory
43e14284 T env_get_char
43e142b4 T set_default_env
43e1434c T env_import
43e14410 T env_relocate
43e14440 t dummy
43e14444 T get_version
43e1444c T jumptable_init
43e145cc t __fswab32
43e145d4 t of_read_number
43e14618 t of_bus_default_map
43e146cc t get_cells_len
43e14704 t of_bus_default_translate
43e1475c t __swab32p.clone.2
43e14760 t of_bus_default_count_cells
43e147e4 T fdt_getprop_u32_default
43e14820 T fdt_find_and_setprop
43e14890 T fdt_initrd
43e14a70 T fdt_chosen
43e14b74 T do_fixup_by_path
43e14bc8 T do_fixup_by_path_u32
43e14c0c T do_fixup_by_prop
43e14c9c T do_fixup_by_prop_u32
43e14cfc T do_fixup_by_compat
43e14d7c T do_fixup_by_compat_u32
43e14dc0 T fdt_fixup_memory_banks
43e15014 T fdt_fixup_memory
43e15034 T fdt_fixup_ethernet
43e15194 T fdt_resize
43e15274 T fdt_increase_size
43e1529c T fdt_del_node_and_alias
43e152e0 T __of_translate_address
43e15534 T fdt_translate_address
43e15540 T fdt_node_offset_by_compat_reg
43e155cc T fdt_alloc_phandle
43e15640 t static_get
43e1565c t static_peek
43e15668 t file_peek
43e15674 t is_assignment
43e156c8 t syntax_err
43e156d4 T do_showvar
43e157c4 t xmalloc
43e157e4 t file_get
43e1598c t free_pipe_list
43e15a68 t xrealloc
43e15a88 t done_command
43e15b10 t b_addchr
43e15b88 t b_addqchr
43e15bd4 t insert_var_value
43e15d7c T simple_itoa
43e15dd4 T set_local_var
43e15f8c T unset_local_var
43e1602c T new_pipe
43e16054 t done_pipe
43e1609c T reserved_word
43e1624c t done_word
43e163c4 T mapset
43e163e8 T update_ifs_map
43e16458 T parse_string_outer
43e16548 t run_list_real
43e16d30 t parse_stream_outer
43e17350 T parse_file_outer
43e17394 T u_boot_hush_start
43e173e8 t __fswab32
43e173f0 t fdt_error
43e1741c t image_get_size.clone.7
43e17420 t image_get_load.clone.10
43e17424 t image_check_magic.clone.12
43e17444 T image_check_hcrc
43e17494 T image_check_dcrc
43e174d4 T image_multi_count
43e174f4 T image_multi_getimg
43e17578 T getenv_yesno
43e175a0 T getenv_bootm_low
43e175d0 T getenv_bootm_size
43e1762c T memmove_wd
43e17638 T genimg_print_size
43e17668 T get_table_entry_name
43e17694 T genimg_get_os_name
43e176ac T genimg_get_arch_name
43e176c4 T genimg_get_type_name
43e176dc T genimg_get_comp_name
43e176f4 T image_print_contents
43e1786c T get_table_entry_id
43e178b8 T genimg_get_os_id
43e178d0 T genimg_get_arch_id
43e178e8 T genimg_get_type_id
43e17900 T genimg_get_comp_id
43e17918 T genimg_get_format
43e17950 T genimg_get_image
43e17954 T genimg_has_config
43e1795c T boot_get_ramdisk
43e17b8c T boot_ramdisk_high
43e17cb8 T boot_relocate_fdt
43e17d90 T boot_get_fdt
43e17fdc t delete_char
43e180b4 t cread_add_char
43e181a0 T __show_boot_progress
43e181a0 W show_boot_progress
43e181a4 T main_loop
43e182a4 T readline_into_buffer
43e18af8 T readline
43e18b14 T parse_line
43e18ba4 T run_command
43e18f38 T do_run
43e18fac T get_ram_size
43e190a4 t hex1_bin
43e190e4 t hex2_bin
43e19118 T srec_decode
43e19388 T __default_serial_console
43e19388 W default_serial_console
43e19394 T serial_register
43e193b0 T serial_stdio_init
43e19440 T serial_assign
43e1948c T serial_initialize
43e194dc T serial_reinit_all
43e19508 T serial_init
43e19548 T serial_setbrg
43e19580 T serial_getc
43e195c0 T serial_tstc
43e19600 T serial_putc
43e19640 T serial_puts
43e19680 T stdio_get_list
43e1968c T stdio_get_by_name
43e196e0 T stdio_clone
43e19728 T stdio_register
43e1976c T stdio_init
43e197fc t usb_set_maxpacket_ep.clone.0
43e19838 T wait_ms
43e1985c T usb_stop
43e19888 T usb_disable_asynch
43e198a0 T usb_submit_int_msg
43e198a4 T usb_control_msg
43e1995c T usb_bulk_msg
43e199c4 T usb_maxpacket
43e199e8 T usb_set_maxpacket
43e19a70 T usb_parse_config
43e19bb8 T usb_clear_halt
43e19c64 T usb_get_descriptor
43e19cc0 T usb_get_configuration_no
43e19d5c T usb_set_address
43e19d9c T usb_set_interface
43e19e58 T usb_set_configuration
43e19eb8 T usb_set_protocol
43e19f0c T usb_set_idle
43e19f68 T usb_get_report
43e19fc8 T usb_get_class_descriptor
43e1a028 T usb_get_string
43e1a09c t usb_string_sub
43e1a198 T usb_string
43e1a298 T usb_get_dev_index
43e1a2c4 T usb_alloc_new_device
43e1a348 T usb_get_hub_descriptor
43e1a3a0 T usb_clear_hub_feature
43e1a3f0 T usb_clear_port_feature
43e1a444 T usb_set_port_feature
43e1a498 t usb_hub_power_on
43e1a4dc T usb_get_hub_status
43e1a52c T usb_get_port_status
43e1a584 t hub_port_reset
43e1a624 T usb_hub_reset
43e1a638 T usb_hub_allocate
43e1a680 T usb_hub_probe
43e1a6dc T usb_new_device
43e1a97c T usb_hub_port_connect_change
43e1aa64 T usb_hub_configure
43e1ac68 T usb_scan_devices
43e1ace0 T usb_init
43e1ad5c T CYGACC_COMM_IF_GETC_TIMEOUT
43e1adb0 t xyzModem_flush
43e1addc t xyzModem_get_hdr
43e1b050 T CYGACC_COMM_IF_PUTC
43e1b058 T parse_num
43e1b184 T xyzModem_stream_open
43e1b2cc T xyzModem_stream_read
43e1b51c T xyzModem_stream_close
43e1b56c T xyzModem_stream_terminate
43e1b600 T xyzModem_error
43e1b620 T get_dev
43e1b678 T dev_print
43e1b888 T init_part
43e1b8a4 T get_partition_info
43e1b8cc T print_part
43e1b9b4 t le32_to_int
43e1b9d8 t is_extended
43e1b9fc t get_partition_info_extended
43e1bc2c t print_partition_extended
43e1be10 T test_part_dos
43e1be64 T print_part_dos
43e1be90 T get_partition_info_dos
43e1beb0 T gpio_cfg_pin
43e1becc T gpio_direction_output
43e1bf04 T gpio_direction_input
43e1bf0c T gpio_set_value
43e1bf2c T gpio_get_value
43e1bf44 T gpio_set_pull
43e1bf68 T gpio_set_drv
43e1bf88 T gpio_set_rate
43e1bfb0 t __fswab32
43e1bfb8 t lldiv
43e1bfec t feedback_delay.clone.1
43e1c11c T __board_mmc_getcd
43e1c11c W board_mmc_getcd
43e1c124 T mmc_send_cmd
43e1c134 T mmc_set_blocklen
43e1c16c T find_mmc_device
43e1c1b4 t mmc_bwrite
43e1c3e4 t mmc_bread
43e1c5e8 T mmc_read_block
43e1c64c T mmc_read
43e1c768 T movi_write
43e1c76c T movi_read
43e1c770 T mmc_go_idle
43e1c7c4 T sd_send_op_cond
43e1c8d4 T mmc_send_op_cond
43e1c980 T mmc_send_ext_csd
43e1c9d4 T mmc_switch
43e1ca14 T mmc_change_freq
43e1cae8 T sd_switch
43e1cb58 T sd_change_freq
43e1cd2c T mmc_set_ios
43e1cd3c T mmc_set_clock
43e1cd68 T mmc_set_bus_width
43e1cd7c T mmc_startup
43e1d43c T mmc_send_if_cond
43e1d4b8 T mmc_register
43e1d51c T mmc_get_dev
43e1d530 T mmc_init
43e1d5b4 W cpu_mmc_init
43e1d5b4 t __def_mmc_init
43e1d5bc T print_mmc_devices
43e1d620 T mmc_initialize
43e1d6c8 T mmc_erase
43e1da68 T emmc_boot_open
43e1daec T emmc_boot_close
43e1db2c t s3c_hsmmc_send_command
43e1dde4 t sdhci_change_clock
43e1de78 t s3c_hsmmc_set_ios
43e1ded0 t sdhci_reset.clone.2
43e1df2c t s3c_hsmmc_init
43e1df7c T smdk_s3c_hsmmc_init
43e1e01c t mshci_clock_onoff.clone.3
43e1e0e8 t mshci_change_clock
43e1e1fc t s5p_mshc_set_ios
43e1e2cc t mshci_reset_fifo.clone.5
43e1e320 t s5p_mshc_send_command
43e1e67c t s5c_mshc_init
43e1e81c T smdk_s5p_mshc_init
43e1e8dc T add_mtd_device
43e1e94c T del_mtd_device
43e1e99c T get_mtd_device
43e1ea18 T get_mtd_device_nm
43e1ea8c T put_mtd_device
43e1eab8 t s3c_read_cmd
43e1ead0 t s3c_write_cmd
43e1eae8 t s3c_mem_addr
43e1eaf8 t s3c_onenand_reset
43e1eb44 t s3c_onenand_command
43e1ed98 t s3c_get_bufferram
43e1ede4 t s3c_onenand_bbt_wait
43e1ee3c t onenand_write_bufferram
43e1ee64 t onenand_read_bufferram
43e1ee8c t s3c_onenand_wait
43e1ef40 t s3c_onenand_writew
43e1f00c t s3c_onenand_readw
43e1f160 t s3c_onenand_check_lock_status.clone.0
43e1f1e4 t s3c_onenand_unlock_all
43e1f2ec T s3c_onenand_init
43e1f408 T s5p_serial0_tstc
43e1f41c T s5p_serial1_tstc
43e1f430 T s5p_serial2_tstc
43e1f444 T s5p_serial3_tstc
43e1f458 T serial_setbrg_dev
43e1f4ac T s5p_serial3_setbrg
43e1f4b4 T s5p_serial2_setbrg
43e1f4bc T s5p_serial1_setbrg
43e1f4c4 T s5p_serial0_setbrg
43e1f4cc T serial_init_dev
43e1f50c T s5p_serial3_init
43e1f514 T s5p_serial2_init
43e1f51c T s5p_serial1_init
43e1f524 T s5p_serial0_init
43e1f52c T serial_getc_dev
43e1f568 T s5p_serial3_getc
43e1f570 T s5p_serial2_getc
43e1f578 T s5p_serial1_getc
43e1f580 T s5p_serial0_getc
43e1f588 T serial_putc_dev
43e1f5d0 T s5p_serial3_putc
43e1f5d8 T s5p_serial2_putc
43e1f5e0 T s5p_serial1_putc
43e1f5e8 T s5p_serial0_putc
43e1f5f0 T serial_tstc_dev
43e1f604 T serial_puts_dev
43e1f62c T s5p_serial3_puts
43e1f634 T s5p_serial2_puts
43e1f63c T s5p_serial1_puts
43e1f644 T s5p_serial0_puts
43e1f64c T fboot_usb_set_descriptors
43e1f7a4 T fastboot_fifo_size
43e1f7c0 T fastboot_getvar
43e1f7c8 T s3c_usb_init_phy
43e1f814 T s3c_usb_phy_off
43e1f840 T s3c_usb_core_soft_reset
43e1f860 T fastboot_shutdown
43e1f870 T s3c_usb_wait_cable_insert
43e1f8c0 T s3c_usb_init_core
43e1f8dc T s3c_usb_check_current_mode
43e1f8f4 T s3c_usb_set_soft_disconnect
43e1f90c T s3c_usb_clear_soft_disconnect
43e1f924 T s3c_usb_init_device
43e1f950 T s3c_usbctl_init
43e1f9dc T fboot_usbctl_init
43e1f9fc T fastboot_init
43e1fad4 T s3c_usbc_activate
43e1fadc T s3c_usb_stop
43e1faf0 T s3c_usb_print_pkt
43e1fb3c T s3c_usb_verify_checksum
43e1fbdc T s3c_usb_set_inep_xfersize
43e1fc10 T s3c_usb_set_outep_xfersize
43e1fc44 T s3c_usb_write_ep0_fifo
43e1fc90 T s3c_usb_write_in_fifo
43e1fcdc T fboot_usb_int_bulkin
43e1fd68 T s3c_usb_read_out_fifo
43e1fdb0 T fboot_usb_int_bulkout
43e1fe38 T s3c_usb_get_desc
43e1ff5c T s3c_usb_clear_feature
43e1ffcc T s3c_usb_set_feature
43e20128 T s3c_usb_get_status
43e201a0 T s3c_usb_ep0_int_hndlr
43e202f8 T s3c_usb_set_otherspeed_conf_desc
43e2037c T s3c_usb_transfer_ep0
43e208a8 T s3c_usb_int_bulkin
43e20988 T s3c_usb_upload_start
43e20ae8 T s3c_usb_download_start
43e20c08 T s3c_usb_download_continue
43e20cb4 T s3c_usb_int_bulkout
43e20cdc T s3c_usb_dma_in_done
43e20d7c T s3c_usb_dma_out_done
43e20e28 T s3c_usb_set_all_outep_nak
43e20e50 T s3c_usb_clear_all_outep_nak
43e20e78 T s3c_usb_set_max_pktsize
43e20eb0 T s3c_usb_set_endpoint
43e20ee0 T s3c_usb_set_descriptors
43e21034 T s3c_usb_check_speed
43e2104c T s3c_usb_clear_dnfile_info
43e21068 T s3c_usb_clear_upfile_info
43e21084 T s3c_usb_check_setconf
43e2109c T s3c_usb_set_opmode
43e2110c T s3c_usb_reset
43e2116c T s3c_usb_set_init
43e211e8 T s3c_usb_pkt_receive
43e21270 T s3c_usb_transfer
43e21374 T s3c_udc_int_hndlr
43e21430 T fboot_usb_int_hndlr
43e21434 T fastboot_poll
43e2148c T fastboot_tx_status
43e214d8 t td_alloc
43e21518 t urb_free_priv.clone.4
43e21554 t td_fill.clone.0.clone.5
43e215fc T sohci_submit_job
43e21b18 T rh_check_port_status
43e21b20 T submit_common_msg
43e21b28 T submit_bulk_msg
43e21b30 T submit_control_msg
43e21b38 T submit_int_msg
43e21b40 T usb_lowlevel_init
43e21b48 T usb_lowlevel_stop
43e21b50 t ext2fs_read_inode
43e21c1c T ext2fs_free_node
43e21c3c T ext2fs_read_file
43e220ec t ext2fs_iterate_dir
43e22368 T ext2fs_find_file1
43e225f4 T ext2fs_find_file
43e2266c T ext2fs_ls
43e226e0 T ext2fs_open
43e22774 T ext2fs_close
43e22828 T ext2fs_read
43e22858 T ext2fs_mount
43e22904 T get_random_val
43e22920 T default_journal_size
43e22964 T ext2fs_format
43e24c8c T ext2fs_set_blk_dev
43e24ce0 T ext2fs_devread
43e24ebc t downcase
43e24ee4 t disk_read
43e24f38 t setstr
43e24f60 t dirdelim
43e24f94 t compare_sign
43e24fc4 t get_fatent
43e25120 t slot2str
43e251f0 t mkcksum
43e25220 t read_bootsectandvi
43e2530c t get_cluster
43e253a4 t get_vfatname
43e25564 t get_name
43e2561c T fat_register_device
43e25754 T fat_format_device
43e25d74 T do_fat_read
43e26738 T file_fat_detectfs
43e26884 T file_fat_ls
43e26894 T file_fat_read
43e268cc T file_getfsname
43e268e4 T file_cd
43e26ad4 T file_detectfs
43e26b14 T file_ls
43e26b9c T file_read
43e26c34 t __fswab32
43e26c3c T fdt_check_header
43e26cb8 T fdt_offset_ptr
43e26d1c T fdt_next_tag
43e26e18 T _fdt_check_node_offset
43e26e4c T fdt_next_node
43e26f08 T _fdt_find_string
43e26f60 T fdt_move
43e26fac t __fswab32
43e26fb4 t _fdt_offset_ptr
43e26fd4 t _fdt_mem_rsv
43e26ff4 t __fswab64
43e27020 T fdt_string
43e27040 T fdt_get_mem_rsv
43e27098 T fdt_num_mem_rsv
43e270d0 T fdt_subnode_offset_namelen
43e271a0 T fdt_subnode_offset
43e271d0 T fdt_get_name
43e2723c T fdt_get_property_namelen
43e27348 T fdt_get_property
43e27380 T fdt_getprop_namelen
43e2739c T fdt_getprop
43e273d4 T fdt_get_phandle
43e2740c T fdt_get_alias_namelen
43e27450 T fdt_path_offset
43e27530 T fdt_get_alias
43e27558 T fdt_get_path
43e27690 T fdt_supernode_atdepth_offset
43e27744 T fdt_node_depth
43e27768 T fdt_parent_offset
43e27798 T fdt_node_offset_by_prop_value
43e27838 T fdt_node_offset_by_phandle
43e27884 T fdt_node_check_compatible
43e27910 T fdt_node_offset_by_compatible
43e27988 t __fswab32
43e27990 t _fdt_blocks_misordered
43e27a1c t fdt_set_off_dt_struct
43e27a34 t fdt_set_size_dt_struct
43e27a4c t fdt_set_off_dt_strings
43e27a64 t fdt_set_size_dt_strings
43e27a7c t _fdt_data_size
43e27aa0 t fdt_set_totalsize
43e27ab8 t _fdt_offset_ptr_w
43e27ad8 t _fdt_mem_rsv_w
43e27af8 t __fswab64
43e27b24 t _fdt_packblocks
43e27bd8 t _fdt_splice
43e27c50 t _fdt_splice_struct
43e27ca0 t _fdt_splice_mem_rsv
43e27cfc t fdt_set_version.clone.0
43e27d08 t _fdt_rw_check_header
43e27d70 T fdt_add_mem_rsv
43e27de8 T fdt_del_mem_rsv
43e27e40 T fdt_set_name
43e27ec8 T fdt_setprop
43e28098 T fdt_delprop
43e280fc T fdt_add_subnode_namelen
43e281f4 T fdt_add_subnode
43e28224 T fdt_del_node
43e28280 T fdt_open_into
43e28430 T fdt_pack
43e2848c T fdt_strerror
43e284dc t __fswab32
43e284e4 t _fdt_sw_check_header
43e28508 t fdt_set_off_dt_strings
43e28520 t _fdt_offset_ptr_w
43e28540 t _fdt_grab_space
43e285b4 t fdt_set_totalsize
43e285cc t fdt_set_magic
43e285e4 t __fswab64
43e28610 t fdt_set_off_dt_struct
43e28628 T fdt_create
43e286a4 T fdt_add_reservemap_entry
43e2872c T fdt_finish_reservemap
43e28744 T fdt_begin_node
43e287ac T fdt_end_node
43e287e4 T fdt_property
43e28910 T fdt_finish
43e28a30 T fdt_setprop_inplace
43e28a70 T fdt_nop_property
43e28aac T _fdt_node_end_offset
43e28aec T fdt_nop_node
43e28b3c T cyg_crc16
43e28b80 T crc32_no_comp
43e28c68 T crc32
43e28c7c T crc32_wd
43e28c80 T display_options
43e28ca0 T print_size
43e28d80 T print_buffer
43e28ee8 T __div64_32
43e28fec T zfree
43e28ff4 T zalloc
43e29004 T zunzip
43e290ec T gunzip
43e29198 t cmpkey
43e291ac T hcreate_r
43e29258 T hcreate
43e29264 T hdestroy_r
43e292d8 T hdestroy
43e292e4 T hsearch_r
43e2959c T hsearch
43e295cc T hdelete_r
43e29654 T hdelete
43e29660 T hexport_r
43e29878 T hexport
43e298a0 T himport_r
43e29ae4 T himport
43e29b14 t lmb_add_region
43e29ccc T lmb_dump_all
43e29cd0 T lmb_init
43e29cf8 T lmb_add
43e29cfc T lmb_free
43e29e24 T lmb_reserve
43e29e2c T lmb_overlaps_region
43e29e80 T __lmb_alloc_base
43e29fb0 T lmb_alloc_base
43e29fe4 T lmb_alloc
43e29fec T lmb_is_reserved
43e2a04c T __board_lmb_reserve
43e2a04c W board_lmb_reserve
43e2a050 T __arch_lmb_reserve
43e2a054 T ldiv
43e2a0a4 T string_to_ip
43e2a10c T qsort
43e2a1f8 T strcpy
43e2a214 T strncpy
43e2a23c T strcat
43e2a26c T strncat
43e2a2bc T strcmp
43e2a2ec T strncmp
43e2a334 T strchr
43e2a368 T strlen
43e2a384 T strrchr
43e2a3c0 T strnlen
43e2a3e8 T strdup
43e2a41c T strspn
43e2a45c T strpbrk
43e2a498 T strtok
43e2a514 T strsep
43e2a548 T strswab
43e2a594 T memset
43e2a5fc T bcopy
43e2a624 T memcpy
43e2a690 T memmove
43e2a6e0 T memcmp
43e2a718 T memscan
43e2a740 T strstr
43e2a7a0 T memchr
43e2a7d4 T strmhz
43e2a840 T udelay
43e2a870 t pack_hex_byte
43e2a898 t put_dec_trunc
43e2a960 t string
43e2a9f0 t put_dec
43e2ab0c t number
43e2ad18 T simple_strtoul
43e2adc4 T simple_strtol
43e2adec T ustrtoul
43e2ae60 T simple_strtoull
43e2af34 T vsprintf
43e2b56c T sprintf
43e2b590 T panic
43e2b5dc T zcfree
43e2b5e4 T zcalloc
43e2b5ec T inflate_fast
43e2bb40 T inflate_table
43e2c0ac T inflateReset
43e2c12c T inflateInit2_
43e2c230 T inflateInit_
43e2c244 T inflateEnd
43e2c2b0 T adler32
43e2c598 T inflate
43e2dc10 t __fswab32
43e2dc18 t NetCopyIP
43e2dc20 t BootpHandler
43e2dfdc t NetWriteIP.clone.0
43e2dff8 T BootpRequest
43e2e1f0 t BootpTimeout
43e2e234 t is_valid_ether_addr
43e2e27c W cpu_eth_init
43e2e27c t __def_eth_init
43e2e284 T eth_parse_enetaddr
43e2e2e0 T eth_getenv_enetaddr
43e2e300 T eth_setenv_enetaddr
43e2e338 T eth_getenv_enetaddr_by_index
43e2e380 T eth_get_dev
43e2e390 T eth_get_dev_by_name
43e2e3e4 T eth_get_dev_by_index
43e2e430 T eth_get_dev_index
43e2e480 T eth_register
43e2e50c T eth_initialize
43e2e7c8 T eth_halt
43e2e7f8 T eth_send
43e2e830 T eth_rx
43e2e85c T eth_try_another
43e2e90c T eth_init
43e2e9d4 T eth_set_current
43e2ea74 T eth_get_name
43e2ea94 t startAgainTimeout
43e2eaa8 t startAgainHandler
43e2eaac t NetCopyIP
43e2eab4 t NetReadIP
43e2ead0 t PingHandler
43e2eaf8 t PingTimeout
43e2eb14 t getenv_IPaddr
43e2eb24 T NetSetHandler
43e2eb34 T NetSetTimeout
43e2eb64 T NetStartAgain
43e2ec6c T NetSendPacket
43e2ec70 T NetCksum
43e2eca4 T NetCksumOk
43e2ecc4 T NetEthHdrSize
43e2ed00 T NetSetEther
43e2eda0 T NetReceive
43e2f268 T ArpRequest
43e2f364 T ArpTimeoutCheck
43e2f3d4 T PingSend
43e2f50c T NetSetIP
43e2f604 T NetSendUDPPacket
43e2f744 T copy_filename
43e2f788 T random_port
43e2f7a4 T ip_to_string
43e2f7d8 T VLAN_to_string
43e2f824 T string_to_VLAN
43e2f870 T getenv_VLAN
43e2f880 T NetLoop
43e2fc4c t __fswab32
43e2fc54 t basename
43e2fc94 t rpc_add_credentials
43e2fd68 t rpc_lookup_reply
43e2fe08 t rpc_req
43e2ff04 t rpc_lookup_req
43e2ff64 t nfs_mount_req
43e2fff8 t nfs_umountall_req
43e30050 t nfs_lookup_req
43e300f8 t nfs_read_req
43e30178 t nfs_readlink_req
43e301d0 t NfsSend
43e30264 t NfsTimeout
43e302bc t NfsHandler
43e307b4 T NfsStart
43e309e0 t TftpSend
43e30b7c t TftpTimeout
43e30be0 t TftpHandler
43e30ebc T TftpStart
43e31198 T raise
43e311a0 T __aeabi_unwind_cpp_pr0
43e311a4 T __udivsi3
43e311a4 t .udivsi3_skip_div0_test
43e311a4 t __aeabi_uidiv
43e31390 t __aeabi_uidivmod
43e313b0 T __divsi3
43e313b0 t __aeabi_idiv
43e313b8 t .divsi3_skip_div0_test
43e315d0 t __aeabi_idivmod
43e315f0 T __lshrdi3
43e315f0 t __aeabi_llsr
43e3160c T __ashrdi3
43e3160c t __aeabi_lasr
43e31628 T __ashldi3
43e31628 t __aeabi_llsl
43e31644 t __aeabi_uldivmod
43e31680 t __aeabi_idiv0
43e31680 t __aeabi_ldiv0
43e31690 T __gnu_ldivmod_helper
43e316cc t __gnu_uldivmod_helper
43e31708 t __divdi3
43e31b88 t __udivdi3
43e31f94 R version_string
43e31fe0 r C.0.3598
43e32060 r boot_os
43e320bc r __func__.2844
43e320cc r __func__.2810
43e320dc r CSWTCH.15
43e32134 r __func__.2635
43e32144 r __func__.2642
43e32150 r __FUNCTION__.3310
43e32178 r __FUNCTION__.3449
43e32190 r CSWTCH.13
43e321b0 r block_drvr
43e321c0 r __func__.3187
43e321d4 r udivslot
43e32214 R config_full
43e32220 R config_full_total
43e32240 R fboot_string_desc3
43e3225c R fboot_string_desc2
43e32274 R fboot_string_desc1
43e3228c R dnw_string_desc2
43e322b8 R dnw_string_desc1
43e322d0 R string_desc0
43e322d4 R qualifier_desc
43e322e0 R config_high
43e322ec R config_high_total
43e3230c R fboot_qualifier_desc
43e32318 r filesystems
43e32330 r fdt_errtable
43e32364 r crc16_tab
43e32564 r crc_table
43e32964 r names.2591
43e3296c R hex_asc
43e32980 r digits.2577
43e32990 r lext.2879
43e329d0 r lbase.2878
43e32a10 r dext.2881
43e32a50 r dbase.2880
43e32a90 r lenfix
43e33290 r distfix
43e33310 r order.2974
43e33338 R z_errmsg
43e3ca88 D second_boot_info
43e3ca8c D s5p_cpu_id
43e3ca90 D init_sequence
43e3cab0 D nr_dram_banks
43e3cab4 D load_addr
43e3cab8 d cmd_bootm_sub
43e3cb78 d interface
43e3cb94 d static_pcount
43e3cb98 d root.2926
43e3cb9c d tabs.3008
43e3cbc0 D op_table
43e3cc28 d do_echo
43e3cc2c D dp_last_length
43e3cc30 d cmd_env_sub
43e3cd08 d env_id
43e3cd0c d av_
43e3d114 d sbrk_base
43e3d118 d trim_threshold
43e3d11c d mmap_threshold
43e3d120 D env_name_spec
43e3d124 D default_environment
43e3d220 D default_environment_size
43e3d224 d of_busses
43e3d238 d reserved_list
43e3d2bc d uimage_os
43e3d328 d uimage_arch
43e3d40c d uimage_type
43e3d49c d uimage_comp
43e3d4e4 d erase_seq
43e3d4e8 d tab_seq
43e3d4f4 d hist_cur
43e3d4f8 D stdio_names
43e3d504 d cur_dev_num
43e3d508 D fbase
43e3d518 D multipliers
43e3d558 D s5p_serial0_device
43e3d590 D s5p_serial1_device
43e3d5c8 D s5p_serial2_device
43e3d600 D s5p_serial3_device
43e3d638 D test_pkt
43e3d670 D ptable_default
43e3d788 D ptable_default_size
43e3d790 D indir1_blkno
43e3d794 D indir2_blkno
43e3d798 d cur_part
43e3d79c D file_cwd
43e3d99c d current_filesystem
43e3d9a0 D _ctype
43e3daa0 D NetOurVLAN
43e3daa2 D NetOurNativeVLAN
43e3daa4 D NetBcastAddr
43e3daac d nfs_offset
43e3dab0 d TftpTimeoutMSecs
43e3dab4 d TftpBlkSizeOption
43e3dab8 d TftpTimeoutCountMax
43e3dabc d TftpBlkSize
43e3dac0 D TftpRRQTimeoutCountMax
43e3dac4 D TftpRRQTimeoutMSecs
43e3dad4 A __u_boot_cmd_start
43e3dad4 D __u_boot_cmd_bdinfo
43e3daec D __u_boot_cmd_go
43e3db04 D __u_boot_cmd_reset
43e3db1c D __u_boot_cmd_bootm
43e3db34 D __u_boot_cmd_boot
43e3db4c D __u_boot_cmd_bootd
43e3db64 D __u_boot_cmd_iminfo
43e3db7c D __u_boot_cmd_icache
43e3db94 D __u_boot_cmd_dcache
43e3dbac D __u_boot_cmd_coninfo
43e3dbc4 D __u_boot_cmd_echo
43e3dbdc D __u_boot_cmd_bootelf
43e3dbf4 D __u_boot_cmd_bootvx
43e3dc0c D __u_boot_cmd_exit
43e3dc24 D __u_boot_cmd_ext2ls
43e3dc3c D __u_boot_cmd_ext2load
43e3dc54 D __u_boot_cmd_ext2format
43e3dc6c D __u_boot_cmd_ext3format
43e3dc84 D __u_boot_cmd_fastboot
43e3dc9c D __u_boot_cmd_fatload
43e3dcb4 D __u_boot_cmd_fatls
43e3dccc D __u_boot_cmd_fatinfo
43e3dce4 D __u_boot_cmd_fatformat
43e3dcfc D __u_boot_cmd_fdt
43e3dd14 D __u_boot_cmd_help
43e3dd2c D __u_boot_cmd_question_mark
43e3dd44 D __u_boot_cmd_itest
43e3dd5c D __u_boot_cmd_loads
43e3dd74 D __u_boot_cmd_loadb
43e3dd8c D __u_boot_cmd_loady
43e3dda4 D __u_boot_cmd_md
43e3ddbc D __u_boot_cmd_mm
43e3ddd4 D __u_boot_cmd_nm
43e3ddec D __u_boot_cmd_mw
43e3de04 D __u_boot_cmd_cp
43e3de1c D __u_boot_cmd_cmp
43e3de34 D __u_boot_cmd_crc32
43e3de4c D __u_boot_cmd_base
43e3de64 D __u_boot_cmd_loop
43e3de7c D __u_boot_cmd_mtest
43e3de94 D __u_boot_cmd_sleep
43e3deac D __u_boot_cmd_mmcinfo
43e3dec4 D __u_boot_cmd_emmc
43e3dedc D __u_boot_cmd_mmc
43e3def4 D __u_boot_cmd_fdisk
43e3df0c D __u_boot_cmd_movi
43e3df24 D __u_boot_cmd_chpart
43e3df3c D __u_boot_cmd_mtdparts
43e3df54 D __u_boot_cmd_bootp
43e3df6c D __u_boot_cmd_tftpboot
43e3df84 D __u_boot_cmd_nfs
43e3df9c D __u_boot_cmd_ping
43e3dfb4 D __u_boot_cmd_saveenv
43e3dfcc D __u_boot_cmd_env
43e3dfe4 D __u_boot_cmd_editenv
43e3dffc D __u_boot_cmd_printenv
43e3e014 D __u_boot_cmd_setenv
43e3e02c D __u_boot_cmd_run
43e3e044 D __u_boot_cmd_reginfo
43e3e05c D __u_boot_cmd_source
43e3e074 D __u_boot_cmd_test
43e3e08c D __u_boot_cmd_false
43e3e0a4 D __u_boot_cmd_true
43e3e0bc D __u_boot_cmd_usb
43e3e0d4 D __u_boot_cmd_dnw
43e3e0ec D __u_boot_cmd_version
43e3e104 D __u_boot_cmd_imxtract
43e3e11c D __u_boot_cmd_showvar
43e3e134 A __u_boot_cmd_end
43e3e134 B OmPin
43e3e134 B __bss_start
43e3e134 R __rel_dyn_start
43e3e138 b GPIO_pBase
43e3e13c B g_IntCnt
43e3e140 B raw_area_control
43e3e33c B get_uart_clk
43e3e340 B get_pwm_clk
43e3e344 B get_arm_clk
43e3e348 B get_pll_clk
43e3e350 b count_value
43e3e354 b lastdec
43e3e358 b timestamp
43e3e360 B monitor_flash_len
43e3e364 b params
43e3e368 b images
43e3e498 b download_size
43e3e49c b download_bytes
43e3e4a0 b download_error
43e3e4a4 b pcount
43e3e4a8 b ptable
43e3e728 b gflag_reboot
43e3e730 B working_fdt
43e3e734 b data.2919
43e3eb34 b os_data_state
43e3eb38 b os_data_addr
43e3eb3c b bin_start_address
43e3eb40 B his_pad_count
43e3eb44 B his_pad_char
43e3eb48 b a_b
43e3eb60 B his_eol
43e3eb64 b k_data_escape
43e3eb68 B os_data_init
43e3eb6c b k_data_escape_saved
43e3eb70 b os_data_state_saved
43e3eb74 b os_data_addr_saved
43e3eb78 B os_data_char
43e3eb7c B his_quote
43e3eb80 B send_ptr
43e3eb84 B send_parms
43e3eb98 b base_address
43e3eb9c B mm_last_addr
43e3eba0 B mm_last_size
43e3eba4 B dp_last_addr
43e3eba8 B dp_last_size
43e3ebac B current_mtd_dev
43e3ebb0 B devices
43e3ebb8 B current_mtd_partnum
43e3ebbc b last_partition
43e3ebcc b last_parts
43e3edcc B mtdids
43e3edd4 b initialized.3316
43e3edd8 b last_ids
43e3ee58 b ctrlc_disabled
43e3ee5c b ctrlc_was_pressed
43e3ee60 B mem_malloc_brk
43e3ee64 B mem_malloc_start
43e3ee68 B mem_malloc_end
43e3ee6c b current_mallinfo
43e3ee94 b top_pad
43e3ee98 b max_sbrked_mem
43e3ee9c b max_total_mem
43e3eea0 b n_mmaps_max
43e3eea4 B env_ptr
43e3eea8 b top_vars
43e3eeac b flag_repeat
43e3eeb0 b do_repeat
43e3eeb4 b the_command.2752
43e3efb4 b buf.2956
43e3efdc B last_return_code
43e3efe0 b local.2736
43e3eff8 b map
43e3f0f8 b ifs
43e3f0fc B nesting_level
43e3f100 b initted.2743
43e3f104 b hist_max
43e3f108 b hist_add_idx
43e3f10c B hist_num
43e3f110 B hist_lines
43e40524 B hist_list
43e40574 B console_buffer
43e40678 b serial_devices
43e4067c b serial_current
43e40680 b devs
43e406bc B stdio_devices
43e406c8 B usb_started
43e406cc b asynch_allowed
43e406d0 b usb_hub_index
43e406d4 b setup_packet
43e406dc b usb_dev
43e449bc R __dynsym_start
43e449bc R __rel_dyn_end
43e4afdc b dev_index
43e4afe0 b hub_dev
43e4b0e0 b running
43e4b0e4 b xyz
43e4b520 b mmc_devices
43e4b528 B mmc_channel
43e4baa0 B mmc_host
43e4bbb8 b idmac_desc
43f4bbb8 B mshc_channel
43f4c130 B mshc_host
43f4c248 B mtd_table
43f4c2c8 b onenand
43f4c2cc B otg
43f4c350 B speed
43f4c354 B is_fastboot
43f4c358 b device_strings
43f4c370 b serial_number.2936
43f4c390 b fastboot_interface
43f4c394 B fboot_response_flag
43f4c398 B reply_msg
43f4c39c b fastboot_bulk_fifo
43f4c5a0 B remode_wakeup
43f4c5a4 B get_status
43f4c5aa B config_value
43f4c5ac B get_intf
43f4c5b0 B s3c_usbd_dn_addr
43f4c5b4 B s3c_usbd_dn_cnt
43f4c5b8 B s3c_receive_done
43f4c5bc B op_mode
43f4c5c0 B transfer_size
43f4c5c4 B s3c_got_header
43f4c5c8 B DNW
43f4c600 B ptd
43f4c604 B urb_priv
43f4c6d8 b gohci
43f4c7a0 B ohci_dev
43f4c940 B gtd
43f4da00 B ghcca
43f4db00 B phcca
43f4db04 B got_rhsc
43f4db08 B devgone
43f4dc00 B ext2fs_root
43f4dc04 B indir1_block
43f4dc08 B indir1_size
43f4dc0c B indir2_block
43f4dc10 B indir2_size
43f4dc14 B symlinknest
43f4dc18 B ext2fs_file
43f4dc1c b ext2fs_block_dev_desc
43f4dc20 b part_info
43f4dc6c b cur_dev
43f4dc70 b part_offset
43f4dc74 B get_vfatname_block
43f5dc74 B do_fat_read_block
43f6dc74 B get_dentfromdir_block
43f7dc74 B errno
43f7dc78 b htab
43f7dc84 B ___strtok
43f7dc88 B BootpID
43f7dc8c B BootpTry
43f7dc90 b eth_current
43f7dc94 b eth_devices
43f7dc98 b first_failed.2631
43f7dc9c b act.2637
43f7dca0 b env_changed_id.2638
43f7dca4 B NetState
43f7dca8 B NetPingIP
43f7dcac b packetHandler
43f7dcb0 b timeHandler
43f7dcb4 b timeStart
43f7dcb8 b timeDelta
43f7dcbc b NetTryCount
43f7dcc0 b NetRestarted
43f7dcc4 B NetRestartWrap
43f7dcc8 b NetDevExists
43f7dccc B NetOurEther
43f7dcd4 B NetRxPacket
43f7dcd8 B NetRxPacketLen
43f7dcdc B NetOurIP
43f7dce0 B NetArpWaitPacketIP
43f7dce4 B NetArpWaitPacketMAC
43f7dce8 B NetArpWaitReplyIP
43f7dcec B NetArpWaitTxPacket
43f7dcf0 B NetArpWaitTxPacketSize
43f7dcf4 B NetTxPacket
43f7dcf8 B NetOurSubnetMask
43f7dcfc B NetOurGatewayIP
43f7dd00 B NetArpWaitTimerStart
43f7dd04 B NetArpWaitTry
43f7dd08 b mac.2662
43f7dd10 B NetEtherNullAddr
43f7dd18 B NetIPID
43f7dd1c b PingSeqNo
43f7dd20 B PktBuf
43f7fb40 B NetRxPackets
43f7fb50 B NetArpWaitPacketBuf
43f80170 b env_changed_id.2596
43f80174 B NetServerIP
43f80178 B NetBootFileXferSize
43f8017c B NetOurDNSIP
43f80180 B NetOurNISDomain
43f801a0 B NetOurHostName
43f801c0 B NetOurRootPath
43f80200 B NetBootFileSize
43f80204 B NetServerEther
43f8020c B BootFile
43f8028c b rpc_id
43f80290 b NfsSrvMountPort
43f80294 b NfsSrvNfsPort
43f80298 b NfsServerIP
43f8029c b NfsOurPort
43f802a0 b fs_mounted
43f802a4 b dirfh
43f802c4 b filefh
43f802e4 b NfsState
43f802e8 b nfs_path
43f802ec b nfs_filename
43f802f0 b nfs_len
43f802f4 b NfsTimeoutCount
43f802f8 b NfsDownloadState
43f802fc b nfs_path_buff
43f80afc b default_filename
43f80b3c b TftpState
43f80b40 b tftp_filename
43f80bc0 b TftpBlock
43f80bc4 b TftpServerIP
43f80bc8 b TftpServerPort
43f80bcc b TftpOurPort
43f80bd0 b TftpTimeoutCount
43f80bd4 b TftpBlockWrap
43f80bd8 b TftpBlockWrapOffset
43f80bdc b TftpLastBlock
43f80be0 b default_filename
43f80bf0 B _end
