43e2cff8 t .divsi3_skip_div0_test
43e2cde4 t .udivsi3_skip_div0_test
43e2aea8 T ArpRequest
43e2afa4 T ArpTimeoutCheck
43f7aa0c B BootFile
43e29860 t BootpHandler
43f78488 B BootpID
43e29c38 T BootpRequest
43e29e30 t BootpTimeout
43f7848c B BootpTry
43e2dc0c r C.0.3583
43e2dd7c r CSWTCH.13
43e2dd08 r CSWTCH.15
43e188a4 T CYGACC_COMM_IF_GETC_TIMEOUT
43e18b98 T CYGACC_COMM_IF_PUTC
43f46d98 B DNW
43e0174c T Delay
43e04db4 T EINT_FIXPRI_XA
43e04df8 T EINT_FIXPRI_XB
43e04d6c T EINT_GRPFIXPRI_XA
43e04d94 T EINT_GRPFIXPRI_XB
43e04c64 T EINT_GRPPRI_XA
43e04c8c T EINT_GRPPRI_XB
43e04cac T EINT_PRIORITY_XA
43e04ce0 T EINT_PRIORITY_XB
43e023cc T ETC_SetPullUpDownAll
43e0239c T ETC_SetPullUpDownEach
43e03224 T GPIO_EINT10ClrPend
43e03270 T GPIO_EINT10Mask
43e03248 T GPIO_EINT10UnMask
43e033a8 T GPIO_EINT11ClrPend
43e033f4 T GPIO_EINT11Mask
43e033cc T GPIO_EINT11UnMask
43e0352c T GPIO_EINT12ClrPend
43e03578 T GPIO_EINT12Mask
43e03550 T GPIO_EINT12UnMask
43e036b0 T GPIO_EINT13ClrPend
43e036fc T GPIO_EINT13Mask
43e036d4 T GPIO_EINT13UnMask
43e03834 T GPIO_EINT14ClrPend
43e03880 T GPIO_EINT14Mask
43e03858 T GPIO_EINT14UnMask
43e039b8 T GPIO_EINT15ClrPend
43e03a04 T GPIO_EINT15Mask
43e039dc T GPIO_EINT15UnMask
43e03b3c T GPIO_EINT16ClrPend
43e03b88 T GPIO_EINT16Mask
43e03b60 T GPIO_EINT16UnMask
43e02578 T GPIO_EINT1ClrPend
43e025c4 T GPIO_EINT1Mask
43e0259c T GPIO_EINT1UnMask
43e03ca4 T GPIO_EINT21ClrPend
43e03ce0 T GPIO_EINT21Mask
43e03cc0 T GPIO_EINT21UnMask
43e03dd4 T GPIO_EINT22ClrPend
43e03e10 T GPIO_EINT22Mask
43e03df0 T GPIO_EINT22UnMask
43e03f24 T GPIO_EINT23ClrPend
43e03f60 T GPIO_EINT23Mask
43e03f40 T GPIO_EINT23UnMask
43e04074 T GPIO_EINT24ClrPend
43e040b0 T GPIO_EINT24Mask
43e04090 T GPIO_EINT24UnMask
43e041c4 T GPIO_EINT25ClrPend
43e04200 T GPIO_EINT25Mask
43e041e0 T GPIO_EINT25UnMask
43e04314 T GPIO_EINT26ClrPend
43e04350 T GPIO_EINT26Mask
43e04330 T GPIO_EINT26UnMask
43e04464 T GPIO_EINT27ClrPend
43e044a0 T GPIO_EINT27Mask
43e04480 T GPIO_EINT27UnMask
43e04570 T GPIO_EINT28ClrPend
43e045ac T GPIO_EINT28Mask
43e0458c T GPIO_EINT28UnMask
43e046c0 T GPIO_EINT29ClrPend
43e046fc T GPIO_EINT29Mask
43e046dc T GPIO_EINT29UnMask
43e026fc T GPIO_EINT2ClrPend
43e02748 T GPIO_EINT2Mask
43e02720 T GPIO_EINT2UnMask
43e02880 T GPIO_EINT3ClrPend
43e028cc T GPIO_EINT3Mask
43e028a4 T GPIO_EINT3UnMask
43e04810 T GPIO_EINT40ClrPend
43e0484c T GPIO_EINT40Mask
43e0482c T GPIO_EINT40UnMask
43e04960 T GPIO_EINT41ClrPend
43e0499c T GPIO_EINT41Mask
43e0497c T GPIO_EINT41UnMask
43e04ab0 T GPIO_EINT42ClrPend
43e04aec T GPIO_EINT42Mask
43e04acc T GPIO_EINT42UnMask
43e04c00 T GPIO_EINT43ClrPend
43e04c3c T GPIO_EINT43Mask
43e04c1c T GPIO_EINT43UnMask
43e029e4 T GPIO_EINT4ClrPend
43e02a30 T GPIO_EINT4Mask
43e02a08 T GPIO_EINT4UnMask
43e02b48 T GPIO_EINT5ClrPend
43e02b94 T GPIO_EINT5Mask
43e02b6c T GPIO_EINT5UnMask
43e02c80 T GPIO_EINT6ClrPend
43e02ccc T GPIO_EINT6Mask
43e02ca4 T GPIO_EINT6UnMask
43e02db8 T GPIO_EINT7ClrPend
43e02e04 T GPIO_EINT7Mask
43e02ddc T GPIO_EINT7UnMask
43e02f1c T GPIO_EINT8ClrPend
43e02f68 T GPIO_EINT8Mask
43e02f40 T GPIO_EINT8UnMask
43e030a0 T GPIO_EINT9ClrPend
43e030ec T GPIO_EINT9Mask
43e030c4 T GPIO_EINT9UnMask
43e02330 T GPIO_GetDataAll
43e0230c T GPIO_GetDataEach
43e02264 T GPIO_Init
43e02444 T GPIO_SetConRegPDNAll
43e02418 T GPIO_SetDSAll
43e023e4 T GPIO_SetDSEach
43e022f0 T GPIO_SetDataAll
43e022c0 T GPIO_SetDataEach
43e0247c T GPIO_SetEint1
43e0311c T GPIO_SetEint10
43e032a0 T GPIO_SetEint11
43e03424 T GPIO_SetEint12
43e035a8 T GPIO_SetEint13
43e0372c T GPIO_SetEint14
43e038b0 T GPIO_SetEint15
43e03a34 T GPIO_SetEint16
43e025f4 T GPIO_SetEint2
43e03bb8 T GPIO_SetEint21
43e03d08 T GPIO_SetEint22
43e03e38 T GPIO_SetEint23
43e03f88 T GPIO_SetEint24
43e040d8 T GPIO_SetEint25
43e04228 T GPIO_SetEint26
43e04378 T GPIO_SetEint27
43e044c8 T GPIO_SetEint28
43e045d4 T GPIO_SetEint29
43e02778 T GPIO_SetEint3
43e028fc T GPIO_SetEint4
43e04724 T GPIO_SetEint40
43e04874 T GPIO_SetEint41
43e049c4 T GPIO_SetEint42
43e04b14 T GPIO_SetEint43
43e02a60 T GPIO_SetEint5
43e02bc4 T GPIO_SetEint6
43e02cfc T GPIO_SetEint7
43e02e34 T GPIO_SetEint8
43e02f98 T GPIO_SetEint9
43e022a8 T GPIO_SetFunctionAll
43e02278 T GPIO_SetFunctionEach
43e02234 t GPIO_SetFunctionEach.clone.0
43e02460 T GPIO_SetPullUDPDNAll
43e02380 T GPIO_SetPullUpDownAll
43e0234c T GPIO_SetPullUpDownEach
43e38d08 b GPIO_pBase
43e04d3c T Get_EINTSVCPEND_XA
43e04d58 T Get_EINTSVCPEND_XB
43e04d0c T Get_EINTSVC_XA
43e04d28 T Get_EINTSVC_XB
43e019e0 T IIC0_EAck_read
43e01988 T IIC0_EAck_write
43e01974 T IIC0_EEnd
43e018e8 T IIC0_EHigh
43e018d0 T IIC0_ELow
43e01cbc T IIC0_ERead
43e01b40 T IIC0_ESetport
43e01960 T IIC0_EStart
43e01c24 T IIC0_EWrite
43e01750 T IIC0_SCLH_SDAH
43e01770 T IIC0_SCLH_SDAL
43e01790 T IIC0_SCLL_SDAH
43e017b0 T IIC0_SCLL_SDAL
43e01a68 T IIC1_EAck
43e01a54 T IIC1_EEnd
43e01918 T IIC1_EHigh
43e01900 T IIC1_ELow
43e01b8c T IIC1_ESetport
43e01a40 T IIC1_EStart
43e01dd4 T IIC1_EWrite
43e017d0 T IIC1_SCLH_SDAH
43e017f0 T IIC1_SCLH_SDAL
43e01810 T IIC1_SCLL_SDAH
43e01830 T IIC1_SCLL_SDAL
43e01ae8 T IIC3_EAck
43e01ad4 T IIC3_EEnd
43e01948 T IIC3_EHigh
43e01930 T IIC3_ELow
43e01bd8 T IIC3_ESetport
43e01ac0 T IIC3_EStart
43e01e6c T IIC3_EWrite
43e01850 T IIC3_SCLH_SDAH
43e01870 T IIC3_SCLH_SDAL
43e01890 T IIC3_SCLL_SDAH
43e018b0 T IIC3_SCLL_SDAL
43e0004c T IRQ_STACK_START_IN
43e08424 T LCD_setfgcolor
43e08428 T LCD_setleftcolor
43e0842c T LCD_setprogress
43e08420 T LCD_turnon
43f7a350 B NetArpWaitPacketBuf
43f784e0 B NetArpWaitPacketIP
43f784e4 B NetArpWaitPacketMAC
43f784e8 B NetArpWaitReplyIP
43f78500 B NetArpWaitTimerStart
43f78504 B NetArpWaitTry
43f784ec B NetArpWaitTxPacket
43f784f0 B NetArpWaitTxPacketSize
43e3868c D NetBcastAddr
43f7aa00 B NetBootFileSize
43f7a978 B NetBootFileXferSize
43e2a8b0 T NetCksum
43e2a8e4 T NetCksumOk
43e29858 t NetCopyIP
43e2a6ec t NetCopyIP
43f784c8 b NetDevExists
43e2a904 T NetEthHdrSize
43f78510 B NetEtherNullAddr
43f78518 B NetIPID
43e2b4c0 T NetLoop
43f7a97c B NetOurDNSIP
43f784cc B NetOurEther
43f784fc B NetOurGatewayIP
43f7a9a0 B NetOurHostName
43f784dc B NetOurIP
43f7a980 B NetOurNISDomain
43e3868a D NetOurNativeVLAN
43f7a9c0 B NetOurRootPath
43f784f8 B NetOurSubnetMask
43e38688 D NetOurVLAN
43f784a8 B NetPingIP
43e2a6f4 t NetReadIP
43e2a9e0 T NetReceive
43f784c4 B NetRestartWrap
43f784c0 b NetRestarted
43f784d4 B NetRxPacket
43f784d8 B NetRxPacketLen
43f7a340 B NetRxPackets
43e2a8ac T NetSendPacket
43e2b244 T NetSendUDPPacket
43f7aa04 B NetServerEther
43f7a974 B NetServerIP
43e2a940 T NetSetEther
43e2a764 T NetSetHandler
43e2b14c T NetSetIP
43e2a774 T NetSetTimeout
43e2a7a4 T NetStartAgain
43f784a4 B NetState
43f784bc b NetTryCount
43f784f4 B NetTxPacket
43e29c1c t NetWriteIP.clone.0
43f7aaf8 b NfsDownloadState
43e2befc t NfsHandler
43f7aa9c b NfsOurPort
43e2be10 t NfsSend
43f7aa98 b NfsServerIP
43f7aa90 b NfsSrvMountPort
43f7aa94 b NfsSrvNfsPort
43e2c3f4 T NfsStart
43f7aae4 b NfsState
43e2bea4 t NfsTimeout
43f7aaf4 b NfsTimeoutCount
43e38d04 B OmPin
43e2a710 t PingHandler
43e2b014 T PingSend
43f7851c b PingSeqNo
43e2a738 t PingTimeout
43f78520 B PktBuf
43e386a4 d TftpBlkSize
43e3869c d TftpBlkSizeOption
43f7b3c0 b TftpBlock
43f7b3d4 b TftpBlockWrap
43f7b3d8 b TftpBlockWrapOffset
43e2c820 t TftpHandler
43f7b3dc b TftpLastBlock
43f7b3cc b TftpOurPort
43e386a8 D TftpRRQTimeoutCountMax
43e386ac D TftpRRQTimeoutMSecs
43e2c620 t TftpSend
43f7b3c4 b TftpServerIP
43f7b3c8 b TftpServerPort
43e2cafc T TftpStart
43f7b33c b TftpState
43e2c7bc t TftpTimeout
43f7b3d0 b TftpTimeoutCount
43e386a0 d TftpTimeoutCountMax
43e38698 d TftpTimeoutMSecs
43e2b418 T VLAN_to_string
43e386b0 a _GLOBAL_OFFSET_TABLE_
43e00460 t _TEXT_BASE
43e00040 T _TEXT_BASE
43f78484 B ___strtok
43e2cff0 t __aeabi_idiv
43e2d2c0 t __aeabi_idiv0
43e2d210 t __aeabi_idivmod
43e2d24c t __aeabi_lasr
43e2d2c0 t __aeabi_ldiv0
43e2d268 t __aeabi_llsl
43e2d230 t __aeabi_llsr
43e2cde4 t __aeabi_uidiv
43e2cfd0 t __aeabi_uidivmod
43e2d284 t __aeabi_uldivmod
43e2cde0 T __aeabi_unwind_cpp_pr0
43e25c90 T __arch_lmb_reserve
43e069c8 T __arch_preboot_os
43e2d268 T __ashldi3
43e2d24c T __ashrdi3
43e05638 T __blue_LED_off
43e05634 T __blue_LED_on
43e25c8c T __board_lmb_reserve
43e19c64 T __board_mmc_getcd
43e38d04 B __bss_start
43e05618 T __coloured_LED_init
43e29ebc t __def_eth_init
43e1b0fc t __def_mmc_init
43e16ed0 T __default_serial_console
43e24b28 T __div64_32
43e2d348 t __divdi3
43e2cff0 T __divsi3
43e0563c T __dram_init_banksize
43e3efc4 R __dynsym_start
43e06114 t __fswab32
43e100d8 t __fswab32
43e152a4 t __fswab32
43e19af8 t __fswab32
43e29850 t __fswab32
43e2b88c t __fswab32
43e2dd60 r __func__.2622
43e2dd70 r __func__.2629
43e2dcf8 r __func__.2797
43e2dce8 r __func__.2831
43e2ddac r __func__.3174
43e2d2d0 T __gnu_ldivmod_helper
43e2d30c t __gnu_uldivmod_helper
43e05628 T __green_LED_off
43e05624 T __green_LED_on
43e25ac0 T __lmb_alloc_base
43e2d230 T __lshrdi3
43e05620 T __red_LED_off
43e0561c T __red_LED_on
43e3efc4 R __rel_dyn_end
43e38d04 R __rel_dyn_start
43e15ce8 T __show_boot_progress
43e38a1c D __u_boot_cmd_base
43e386bc D __u_boot_cmd_bdinfo
43e3871c D __u_boot_cmd_boot
43e38734 D __u_boot_cmd_bootd
43e387c4 D __u_boot_cmd_bootelf
43e38704 D __u_boot_cmd_bootm
43e38b24 D __u_boot_cmd_bootp
43e387dc D __u_boot_cmd_bootvx
43e38af4 D __u_boot_cmd_chpart
43e389ec D __u_boot_cmd_cmp
43e38794 D __u_boot_cmd_coninfo
43e389d4 D __u_boot_cmd_cp
43e38a04 D __u_boot_cmd_crc32
43e3877c D __u_boot_cmd_dcache
43e38ca4 D __u_boot_cmd_dnw
43e387ac D __u_boot_cmd_echo
43e38bb4 D __u_boot_cmd_editenv
43e38a94 D __u_boot_cmd_emmc
43e38d04 A __u_boot_cmd_end
43e38b9c D __u_boot_cmd_env
43e387f4 D __u_boot_cmd_exit
43e3883c D __u_boot_cmd_ext2format
43e38824 D __u_boot_cmd_ext2load
43e3880c D __u_boot_cmd_ext2ls
43e38854 D __u_boot_cmd_ext3format
43e38c5c D __u_boot_cmd_false
43e3886c D __u_boot_cmd_fastboot
43e388cc D __u_boot_cmd_fatformat
43e388b4 D __u_boot_cmd_fatinfo
43e38884 D __u_boot_cmd_fatload
43e3889c D __u_boot_cmd_fatls
43e38ac4 D __u_boot_cmd_fdisk
43e386d4 D __u_boot_cmd_go
43e388e4 D __u_boot_cmd_help
43e38764 D __u_boot_cmd_icache
43e3874c D __u_boot_cmd_iminfo
43e38cd4 D __u_boot_cmd_imxtract
43e38914 D __u_boot_cmd_itest
43e38944 D __u_boot_cmd_loadb
43e3892c D __u_boot_cmd_loads
43e3895c D __u_boot_cmd_loady
43e38a34 D __u_boot_cmd_loop
43e38974 D __u_boot_cmd_md
43e3898c D __u_boot_cmd_mm
43e38aac D __u_boot_cmd_mmc
43e38a7c D __u_boot_cmd_mmcinfo
43e38adc D __u_boot_cmd_movi
43e38b0c D __u_boot_cmd_mtdparts
43e38a4c D __u_boot_cmd_mtest
43e389bc D __u_boot_cmd_mw
43e38b54 D __u_boot_cmd_nfs
43e389a4 D __u_boot_cmd_nm
43e38b6c D __u_boot_cmd_ping
43e38bcc D __u_boot_cmd_printenv
43e388fc D __u_boot_cmd_question_mark
43e38c14 D __u_boot_cmd_reginfo
43e386ec D __u_boot_cmd_reset
43e38bfc D __u_boot_cmd_run
43e38b84 D __u_boot_cmd_saveenv
43e38be4 D __u_boot_cmd_setenv
43e38cec D __u_boot_cmd_showvar
43e38a64 D __u_boot_cmd_sleep
43e38c2c D __u_boot_cmd_source
43e386bc A __u_boot_cmd_start
43e38c44 D __u_boot_cmd_test
43e38b3c D __u_boot_cmd_tftpboot
43e38c74 D __u_boot_cmd_true
43e38c8c D __u_boot_cmd_usb
43e38cbc D __u_boot_cmd_version
43e05544 T __udelay
43e2d7c8 t __udivdi3
43e2cde4 T __udivsi3
43e05630 T __yellow_LED_off
43e0562c T __yellow_LED_on
43e00564 t _board_init_f
43e00164 t _board_init_r_ofs
43e00048 T _bss_end_ofs
43e00044 T _bss_start_ofs
43e38588 D _ctype
43e0002c t _data_abort
43e0f8f8 T _do_env_set
43e11610 T _do_help
43e00170 t _dynsym_start_ofs
43f7b3f0 B _end
43e00040 T _end_vect
43e00038 t _fiq
43e00034 t _irq
43e00030 t _not_used
43e0003c t _pad
43e00028 t _prefetch_abort
43e0016c t _rel_dyn_end_ofs
43e00168 t _rel_dyn_start_ofs
43e00568 t _second_boot_info
43e00024 t _software_interrupt
43e00000 T _start
43e00020 t _undefined_instruction
43e39314 b a_b
43f7849c b act.2624
43e1c424 T add_mtd_device
43e27ef0 T adler32
43e00518 t after_copy
43e05890 T arch_lmb_reserve
43e069c8 W arch_preboot_os
43e3ae98 b asynch_allowed
43e3790c d av_
43e139cc t b_addchr
43e13a44 t b_addqchr
43e05c8c T bad_mode
43e39364 b base_address
43e2b894 t basename
43e2623c T bcopy
43e0a400 t bin_data_char
43e0a3e4 t bin_data_init
43e39308 b bin_start_address
43e0a16c T binary_test
43e2dd9c r block_drvr
43e05638 W blue_LED_off
43e05634 W blue_LED_on
43e016dc T board_eth_init
43e014b4 T board_get_hwrev
43e014c4 T board_init
43e05754 T board_init_f
43e05658 T board_init_r
43e01704 T board_late_init
43e25c8c W board_lmb_reserve
43e19c64 W board_mmc_getcd
43e0170c T board_mmc_init
43e157c8 T boot_get_ramdisk
43e2dc8c r boot_os
43e159f8 T boot_ramdisk_high
43e06504 t bootm_load_os.clone.16
43e06648 t bootm_start.clone.15
43e39780 b buf.2943
43e05bec t cache_disable
43e05b24 t cache_enable
43e00464 T cache_init
43e0c0bc T calc_unit
43e00064 t call_board_init_f
43e12830 T calloc
43e12278 T cfree
43e11d4c T check_compress_ext4
43e00790 t check_om_setting
43e016e4 T checkboard
43e0a874 T chk1
43e0013c t clbss_l
43e053ac T cleanup_before_linux
43e00120 t clear_bss
43e11b1c T clear_ctrlc
43e05110 T clear_hsmmc_clock_div
43e376f8 d cmd_bootm_sub
43e37830 d cmd_env_sub
43e11798 T cmd_get_data_size
43e115b4 T cmd_usage
43e24dd8 t cmpkey
43e05618 W coloured_LED_init
43e22adc t compare_sign
43e2de00 R config_full
43e2de0c R config_full_total
43e2decc R config_high
43e2ded8 R config_high_total
43f46d7a B config_value
43e11b64 T console_assign
43e3ad40 B console_buffer
43e11ba4 T console_init_f
43e11c6c T console_init_r
43e117e8 t console_setfile
43e2b384 T copy_filename
43e000a0 t copy_loop
43e0202c T copy_uboot_to_ram
43e38f20 b count_value
43e05af4 t cp_delay
43e29ebc W cpu_eth_init
43e00174 t cpu_init_crit
43e1b0fc W cpu_mmc_init
43e2df1c r crc16_tab
43e248a8 T crc32
43e247c0 T crc32_no_comp
43e248bc T crc32_wd
43e2e11c r crc_table
43e15bfc t cread_add_char
43e0cbec T create_mmc_fdisk
43e11aa8 T ctrlc
43e39624 b ctrlc_disabled
43e39628 b ctrlc_was_pressed
43f4846c b cur_dev
43e380ec d cur_dev_num
43e38380 d cur_part
43e38584 d current_filesystem
43e39638 b current_mallinfo
43e39378 B current_mtd_dev
43e39384 B current_mtd_partnum
43e0d2fc t current_save
43e2477c T cyg_crc16
43e002e0 t data_abort
43e2e608 r dbase.2867
43e11b30 T dbg
43e05c50 T dcache_disable
43e05c48 T dcache_enable
43e05c58 T dcache_status
43e0c19c T decode_partitionInfo
43e37d24 D default_environment
43e37e1c D default_environment_size
43f7b2fc b default_filename
43f7b3e0 b default_filename
43e20468 T default_journal_size
43e16ed0 W default_serial_console
43e1c494 T del_mtd_device
43e15b24 t delete_char
43e457a8 b dev_index
43e191c0 T dev_print
43f48308 B devgone
43e0d51c t device_del
43e0d834 t device_delall.clone.2
43e0dbb0 T device_find
43e0dbfc t device_parse
43f46b28 b device_strings
43e3937c B devices
43e3ae4c b devs
43e2e5c8 r dext.2868
43e2e538 r digits.2564
43e22aa8 t dirdelim
43f7aaa4 b dirfh
43e11af4 T disable_ctrlc
43e05c84 T disable_interrupts
43e22a2c t disk_read
43e055f8 t display_banner
43e248c0 T display_options
43e2ee48 r distfix
43e2dea4 R dnw_string_desc1
43e2de78 R dnw_string_desc2
43e05f10 T do_bdinfo
43e0611c T do_bootd
43e07560 T do_bootelf
43e07238 W do_bootelf_exec
43e06c18 T do_bootm
43e058b4 T do_bootm_linux
43e0627c t do_bootm_netbsd
43e06140 t do_bootm_ose
43e061b4 t do_bootm_qnxelf
43e06178 t do_bootm_rtems
43e069cc T do_bootm_subcommand
43e06218 t do_bootm_vxworks
43e0f4b8 T do_bootp
43e072c8 T do_bootvx
43e0f048 T do_chpart
43e07070 T do_coninfo
43e05e54 T do_data_abort
43e06f88 T do_dcache
43e37828 d do_echo
43e07128 T do_echo
43e0bfcc T do_emmc
43e0f4c4 t do_env
43e0f778 t do_env_default
43e0f524 t do_env_delete
43e10068 T do_env_edit
43e0fcf8 t do_env_export
43e0f53c t do_env_import
43e0f868 T do_env_print
43e0f7c0 T do_env_save
43e0fc8c T do_env_set
43e076b4 T do_exit
43e07c3c T do_ext2_format
43e076e4 T do_ext2load
43e07a00 T do_ext2ls
43e07c2c T do_ext3_format
43e1024c T do_false
43e095b4 T do_fastboot
43e09c0c T do_fat_format
43e09cf4 T do_fat_fsinfo
43e09efc T do_fat_fsload
43e09df4 T do_fat_ls
43e238bc T do_fat_read
43f58474 B do_fat_read_block
43e0cc84 T do_fdisk
43e05e9c T do_fiq
43e060a4 T do_go
43e0608c W do_go_exec
43e0a098 T do_help
43e06ffc T do_icache
43e11228 T do_imgextract
43e0649c T do_iminfo
43e05ec0 T do_irq
43e0a34c T do_itest
43e0a74c T do_load_serial
43e0abfc T do_load_serial_bin
43e0b0f8 T do_mem_base
43e0b4b0 T do_mem_cmp
43e0b3d8 T do_mem_cp
43e0b054 T do_mem_crc
43e0b2e0 T do_mem_loop
43e0b890 T do_mem_md
43e0b86c T do_mem_mm
43e0b13c T do_mem_mtest
43e0b640 T do_mem_mw
43e0b848 T do_mem_nm
43e0b9e8 T do_mmcinfo
43e0bbbc T do_mmcops
43e0cd1c T do_movi
43e0ea1c T do_mtdparts
43e0f4a0 T do_nfs
43e05e78 T do_not_used
43e0f110 T do_ping
43e05e30 T do_prefetch_abort
43e100d0 T do_reginfo
43e3967c b do_repeat
43e05ee4 T do_reset
43e16a80 T do_run
43e13590 T do_showvar
43e0b968 T do_sleep
43e05e0c T do_software_interrupt
43e10204 T do_source
43e1025c T do_test
43e0f4ac T do_tftpb
43e10254 T do_true
43e05de8 T do_undefined_instruction
43e10f24 T do_usb
43e110fc T do_usbd_dnw
43e11208 T do_version
43e13944 t done_command
43e13f10 t done_pipe
43e14108 t done_word
43e22a04 t downcase
43e3906c b download_bytes
43e39070 b download_error
43e39068 b download_size
43e39370 B dp_last_addr
43e3782c D dp_last_length
43e39374 B dp_last_size
43e015cc T dram_init
43e015d4 T dram_init_banksize
43e13370 t dummy
43e01f8c T emmc_4_4_endbootOp_eMMC
43e01f68 T emmc_4_4_uboot_copy
43e0074c t emmc_boot
43e00754 t emmc_boot_4_4
43e1b634 T emmc_boot_close
43e1b5b0 T emmc_boot_open
43e01f44 T emmc_uboot_copy
43e05c80 T enable_interrupts
43e0c110 T encode_chs
43e0c12c T encode_partitionInfo
43f7a970 b env_changed_id.2583
43f784a0 b env_changed_id.2625
43e13180 T env_get_addr
43e131b4 T env_get_char
43e131a4 T env_get_char_memory
43e12fd8 T env_get_char_spec
43e37908 d env_id
43e1327c T env_import
43e12fe4 T env_init
43e37d20 D env_name_spec
43e0f7ec t env_print
43e39670 B env_ptr
43e13340 T env_relocate
43e13124 T env_relocate_spec
43e130d4 T env_relocate_spec_movinand
43e0ff00 T envmatch
43e380cc d erase_seq
43f78474 B errno
43f78490 b eth_current
43f78494 b eth_devices
43e29fc0 T eth_get_dev
43e2a024 T eth_get_dev_by_index
43e29fd0 T eth_get_dev_by_name
43e2a070 T eth_get_dev_index
43e2a6b4 T eth_get_name
43e29f20 T eth_getenv_enetaddr
43e29f78 T eth_getenv_enetaddr_by_index
43e2a408 T eth_halt
43e2a54c T eth_init
43e2a14c T eth_initialize
43e29ec4 T eth_parse_enetaddr
43e2a0c0 T eth_register
43e2a470 T eth_rx
43e2a438 T eth_send
43e2a614 T eth_set_current
43e29f40 T eth_setenv_enetaddr
43e2a49c T eth_try_another
43e0a0fc t evalexp
43e0a0e0 t evalstr
43e005ec t exit_wakeup
43f4841c b ext2fs_block_dev_desc
43e202bc T ext2fs_close
43e22828 T ext2fs_devread
43f48418 B ext2fs_file
43e2013c T ext2fs_find_file
43e1feb0 T ext2fs_find_file1
43e204ac T ext2fs_format
43e1f764 T ext2fs_free_node
43e1fc34 t ext2fs_iterate_dir
43e201b4 T ext2fs_ls
43e203a0 T ext2fs_mount
43e20228 T ext2fs_open
43e20370 T ext2fs_read
43e1f784 T ext2fs_read_file
43e1f698 t ext2fs_read_inode
43f48400 B ext2fs_root
43e227d4 T ext2fs_set_blk_dev
43e07b28 T ext_format
43f46b6c b fastboot_bulk_fifo
43e1d2ec T fastboot_fifo_size
43e08430 T fastboot_flash_add_ptn
43e0846c T fastboot_flash_dump_ptn
43e085d8 T fastboot_flash_find_ptn
43e090c0 T fastboot_flash_get_ptn
43e09bfc T fastboot_flash_get_ptn_count
43e1d308 T fastboot_getvar
43e1d544 T fastboot_init
43f46b60 b fastboot_interface
43e1ef7c T fastboot_poll
43e1d3a8 T fastboot_shutdown
43e1efd4 T fastboot_tx_status
43e2329c T fat_format_device
43e23164 T fat_register_device
43e380f0 D fbase
43e2def8 R fboot_qualifier_desc
43f46b64 B fboot_response_flag
43e2de60 R fboot_string_desc1
43e2de48 R fboot_string_desc2
43e2de2c R fboot_string_desc3
43e1d824 T fboot_usb_int_bulkin
43e1d8f8 T fboot_usb_int_bulkout
43e1ef78 T fboot_usb_int_hndlr
43e1d194 T fboot_usb_set_descriptors
43e1d524 T fboot_usbctl_init
43e19b34 t feedback_delay.clone.1
43e118d0 T fgetc
43e2442c T file_cd
43e38384 D file_cwd
43e2461c T file_detectfs
43e24280 T file_fat_detectfs
43e243cc T file_fat_ls
43e243dc T file_fat_read
43e136a0 t file_get
43e24414 T file_getfsname
43e2465c T file_ls
43e13524 t file_peek
43e246e4 T file_read
43f7aac4 b filefh
43e2df04 r filesystems
43e11588 T find_cmd
43e114ec T find_cmd_tbl
43e0e270 T find_dev_and_part
43e19cb4 T find_mmc_device
43e00400 t fiq
43f78498 b first_failed.2618
43e000f4 t fixabs
43e000d0 t fixloop
43e00110 t fixnext
43e00108 t fixrel
43e39678 b flag_repeat
43e05af0 T flush_cache
43e11978 T fprintf
43e11928 T fputc
43e11950 T fputs
43e12058 T free
43e13848 t free_pipe_list
43f7aaa0 b fs_mounted
43e118fc T ftstc
43e38d0c B g_IntCnt
43e0d8bc t generate_mtdparts_save.clone.1
43e1575c T genimg_get_arch_id
43e15538 T genimg_get_arch_name
43e1578c T genimg_get_comp_id
43e15568 T genimg_get_comp_name
43e157a4 T genimg_get_format
43e157bc T genimg_get_image
43e15744 T genimg_get_os_id
43e15520 T genimg_get_os_name
43e15774 T genimg_get_type_id
43e15550 T genimg_get_type_name
43e157c0 T genimg_has_config
43e154c4 T genimg_print_size
43e05100 T get_APLL_CLK
43e05108 T get_MPLL_CLK
43e050a8 t get_PLLCLK
43e0c1dc T get_SDInfo
43e38f14 B get_arm_clk
43e22e54 t get_cluster
43f68474 B get_dentfromdir_block
43e19168 T get_dev
43e05028 T get_device_type
43e0f8e8 T get_env_id
43e22b0c t get_fatent
43f46d7c B get_intf
43e0c87c T get_mmc_block_count
43e0c8c0 T get_mmc_mbr
43e0c9b4 T get_mmc_part_info
43e1c4e4 T get_mtd_device
43e1c560 T get_mtd_device_nm
43e0d5f4 t get_mtd_info
43e230ac t get_name
43e193ec T get_partition_info
43e199d8 T get_partition_info_dos
43e19544 t get_partition_info_extended
43e38f18 B get_pll_clk
43e38f10 B get_pwm_clk
43e16af4 T get_ram_size
43e2044c T get_random_val
43f46d74 B get_status
43e156f8 T get_table_entry_id
43e154f4 T get_table_entry_name
43e055f0 T get_tbclk
43e055e0 T get_ticks
43e05530 T get_timer
43e054e8 T get_timer_masked
43e38f0c B get_uart_clk
43e13374 T get_version
43e22eec t get_vfatname
43f48474 B get_vfatname_block
43e119c4 T getc
43e0a518 t getcxmodem
43e1001c T getenv
43e2a754 t getenv_IPaddr
43e2b4b0 T getenv_VLAN
43e1542c T getenv_bootm_low
43e1545c T getenv_bootm_size
43e0ff64 T getenv_f
43e15404 T getenv_yesno
43e392f8 b gflag_reboot
43f48200 B ghcca
43f46ed8 b gohci
43f48304 B got_rhsc
43e199f8 T gpio_cfg_pin
43e19a4c T gpio_direction_input
43e19a14 T gpio_direction_output
43e19a74 T gpio_get_value
43e19ab0 T gpio_set_drv
43e19a8c T gpio_set_pull
43e19ad0 T gpio_set_rate
43e19a54 T gpio_set_value
43e05628 W green_LED_off
43e05624 W green_LED_on
43f47140 B gtd
43e24d2c T gunzip
43e11b0c T had_ctrlc
43e0aa38 T handle_send_packet
43e05740 T hang
43e24e98 T hcreate
43e24dec T hcreate_r
43e25294 T hdelete
43e2520c T hdelete_r
43e24f18 T hdestroy
43e24ea4 T hdestroy_r
43e16bec t hex1_bin
43e16c2c t hex2_bin
43e2e524 R hex_asc
43e254b8 T hexport
43e252a0 T hexport_r
43e25724 T himport
43e254e0 T himport_r
43e3932c B his_eol
43e39310 B his_pad_char
43e3930c B his_pad_count
43e39348 B his_quote
43e398d4 b hist_add_idx
43e380dc d hist_cur
43e398dc B hist_lines
43e3acf0 B hist_list
43e398d0 b hist_max
43e398d8 B hist_num
43e251dc T hsearch
43e24f24 T hsearch_r
43f78478 b htab
43e457ac b hub_dev
43e180cc t hub_port_reset
43e05c34 T icache_disable
43e05c2c T icache_enable
43e05c3c T icache_status
43e46388 b idmac_desc
43e398c4 b ifs
43e15320 T image_check_dcrc
43e152d0 T image_check_hcrc
43e063b4 t image_check_magic.clone.8
43e152ac t image_check_magic.clone.8
43e152cc t image_get_data_size.clone.10
43e06500 t image_get_ep.clone.13
43e064fc t image_get_size.clone.9
43e063d4 t image_info
43e15360 T image_multi_count
43e15380 T image_multi_getimg
43e15580 T image_print_contents
43e38f38 b images
43e0d1ec t index_partitions
43e38378 D indir1_blkno
43f48404 B indir1_block
43f48408 B indir1_size
43e3837c D indir2_blkno
43f4840c B indir2_block
43f48410 B indir2_size
43e281d8 T inflate
43e27e84 T inflateEnd
43e27d6c T inflateInit2_
43e27e70 T inflateInit_
43e27cec T inflateReset
43e2722c T inflate_fast
43e27780 T inflate_table
43e193d0 T init_part
43e04e3c T init_raw_area_table
43e376d0 D init_sequence
43e395a0 b initialized.3303
43e398cc b initted.2730
43e13a90 t insert_var_value
43e377a0 d interface
43e05c64 T interrupt_init
43e2b3e4 T ip_to_string
43e003a0 t irq
43e13530 t is_assignment
43e19520 t is_extended
43f46b24 B is_fastboot
43e29e74 t is_valid_ether_addr
43e0014c t jump_2_ram
43e1337c T jumptable_init
43e0a9e8 T k_data_char
43e39330 b k_data_escape
43e39338 b k_data_escape_saved
43e0a980 T k_data_init
43e0a9c4 T k_data_restore
43e0a9a0 T k_data_save
43e0a854 T ktrans
43e395a4 b last_ids
43e39388 b last_partition
43e39398 b last_parts
43e397a8 B last_return_code
43e38f24 b lastdec
43e2e588 r lbase.2865
43e25c94 T ldiv
43e194fc t le32_to_int
43e2e648 r lenfix
43e2e548 r lext.2866
43e19b00 t lldiv
43e25938 T lmb_add
43e25754 t lmb_add_region
43e25c24 T lmb_alloc
43e25bf0 T lmb_alloc_base
43e2590c T lmb_dump_all
43e2593c T lmb_free
43e25910 T lmb_init
43e25c2c T lmb_is_reserved
43e25a6c T lmb_overlaps_region
43e25a64 T lmb_reserve
43e376f4 D load_addr
43e071a8 t load_elf_image_shdr
43e0a538 t load_serial
43e0a420 t load_serial_ymodem
43e006dc t load_uboot
43e397ac b local.2723
43e00468 T lowlevel_init
43f78508 b mac.2649
43e15cec T main_loop
43e0c478 T make_mmc_partition
43e0c2cc T make_partitionInfo
43e1227c T malloc
43e11f88 T malloc_trim
43e12e94 T malloc_usable_size
43e12ed4 T mallopt
43e397c4 b map
43e14280 T mapset
43e39664 b max_sbrked_mem
43e39668 b max_total_mem
43e00648 t mem_ctrl_asm_init
43e009cc T mem_ctrl_asm_init_r0
43e00d1c T mem_ctrl_asm_init_r1
43e00fbc T mem_ctrl_asm_init_r2
43e3962c B mem_malloc_brk
43e39634 B mem_malloc_end
43e11f68 T mem_malloc_init
43e39630 B mem_malloc_start
43e12910 T memalign
43e263e0 T memchr
43e26320 T memcmp
43e26264 T memcpy
43e262d0 T memmove
43e154b8 T memmove_wd
43e07c68 t memparse
43e26358 T memscan
43e261d4 T memset
43e0d2a8 t memsize_format
43e0d58c t memsize_parse
43e22d38 t mkcksum
43e39368 B mm_last_addr
43e3936c B mm_last_size
43e37d1c d mmap_threshold
43e19f2c t mmc_bread
43e19cfc t mmc_bwrite
43e0085c t mmc_ch4_devider_change
43e1a55c T mmc_change_freq
43e45cf8 B mmc_channel
43e45cf0 b mmc_devices
43e1b210 T mmc_erase
43e1b064 T mmc_get_dev
43e1a2b8 T mmc_go_idle
43e46270 B mmc_host
43e1b078 T mmc_init
43e1b168 T mmc_initialize
43e1a194 T mmc_read
43e1a130 T mmc_read_block
43e1b000 T mmc_register
43e19c6c T mmc_send_cmd
43e1a4c8 T mmc_send_ext_csd
43e1af84 T mmc_send_if_cond
43e1a41c T mmc_send_op_cond
43e19c7c T mmc_set_blocklen
43e1a8b0 T mmc_set_bus_width
43e1a884 T mmc_set_clock
43e1a874 T mmc_set_ios
43e1a8c4 T mmc_startup
43e1a51c T mmc_switch
43e00730 t mmcsd_boot
43e0b6fc t mod_mem
43e38f30 B monitor_flash_len
43e1a2b4 T movi_read
43e01fc0 T movi_read_env
43e01f04 T movi_uboot_copy
43e1a2b0 T movi_write
43e01fdc T movi_write_bl1
43e01fa4 T movi_write_env
43f46388 B mshc_channel
43f46900 B mshc_host
43e1bc30 t mshci_change_clock
43e1bb64 t mshci_clock_onoff.clone.3
43e1be14 t mshci_reset_fifo.clone.5
43e0db80 T mtd_device_validate
43e0d898 t mtd_devices_init
43e0e160 T mtd_id_parse
43e0d158 t mtd_part_info
43f46a18 B mtd_table
43e39598 B mtdids
43e0e428 T mtdparts_init
43e38100 D multipliers
43e3966c b n_mmaps_max
43e2e51c r names.2578
43e00880 T nand_asm_init
43e0071c t nand_boot
43e398c8 B nesting_level
43e0f194 t netboot_common
43e13ee8 T new_pipe
43f7aaec b nfs_filename
43f7aaf0 b nfs_len
43e2bc90 t nfs_lookup_req
43e2bba4 t nfs_mount_req
43e38694 d nfs_offset
43f7aae8 b nfs_path
43f7aafc b nfs_path_buff
43e2bd38 t nfs_read_req
43e2bdb8 t nfs_readlink_req
43e2bc38 t nfs_umountall_req
43e0078c t nor_boot
43e00340 t not_used
43e376f0 D nr_dram_banks
43e2674c t number
43f46fa0 B ohci_dev
43e06f48 t on_off
43f46a98 b onenand
43e021a4 T onenand_bl2_copy
43e00728 t onenand_boot
43e02144 T onenand_isbad
43e0210c T onenand_loadpage
43e1c9ac t onenand_read_bufferram
43e0216c T onenand_readpage
43e020fc T onenand_readw
43e1c984 t onenand_write_bufferram
43e02104 T onenand_writew
43e00794 t onenandcon_init
43f46d8c B op_mode
43e377c0 D op_table
43e2eec8 r order.2961
43e39304 b os_data_addr
43e39340 b os_data_addr_saved
43e39344 B os_data_char
43e39334 B os_data_init
43e39300 b os_data_state
43e3933c b os_data_state_saved
43f46a9c B otg
43e264b0 t pack_hex_byte
43f784ac b packetHandler
43e271d0 T panic
43e38f34 b params
43e0820c t parse_env.clone.1.clone.3
43e1520c T parse_file_outer
43e1665c T parse_line
43e18ba0 T parse_num
43e14bec t parse_stream_outer
43e14314 T parse_string_outer
43e0d4d8 t part_delall
43f48420 b part_info
43f48470 b part_offset
43e0d3ac t part_sort_add
43e0d674 t part_validate_eraseblock
43e39074 b pcount
43f48300 B phcca
43e00280 t prefetch_abort
43e249c0 T print_buffer
43e05038 T print_cpuinfo
43e1b104 T print_mmc_devices
43e0ca58 T print_mmc_part_info
43e19414 T print_part
43e199ac T print_part_dos
43e19774 t print_partition_extended
43e248e0 T print_size
43e11a2c T printf
43e39078 b ptable
43e38258 D ptable_default
43e38370 D ptable_default_size
43f46e00 B ptd
43e26630 t put_dec
43e264d8 t put_dec_trunc
43e0c920 T put_mmc_mbr
43e1c5d4 T put_mtd_device
43e119f4 T putc
43e11a10 T puts
43e12a20 T pvalloc
43e25d4c T qsort
43e2dec0 R qualifier_desc
43e2cdd8 T raise
43e2b3c8 T random_port
43e38d10 B raw_area_control
43e22d68 t read_bootsectandvi
43e00600 t read_om
43e16640 T readline
43e15dec T readline_into_buffer
43e12a44 T realloc
43e05620 W red_LED_off
43e0561c W red_LED_on
43e00074 T relocate_code
43f46d70 B remode_wakeup
43f46b68 B reply_msg
43e37e20 d reserved_list
43e13f58 T reserved_word
43e00050 t reset
43e02200 T reset_cpu
43e07c4c t reset_handler
43e054e4 T reset_timer
43e054bc T reset_timer_masked
43e1f660 T rh_check_port_status
43e2b8d4 t rpc_add_credentials
43f7aa8c b rpc_id
43e2b9a8 t rpc_lookup_reply
43e2bb44 t rpc_lookup_req
43e2ba48 t rpc_req
43e166ec T run_command
43e14404 t run_list_real
43e458ac b running
43e0864c t rx_handler
43e0a89c T s1_sendpacket
43e1c8e0 t s3c_get_bufferram
43f46d94 B s3c_got_header
43e1ba74 t s3c_hsmmc_init
43e1b674 t s3c_hsmmc_send_command
43e1b9c0 t s3c_hsmmc_set_ios
43e1c630 t s3c_mem_addr
43e1c92c t s3c_onenand_bbt_wait
43e1cca8 t s3c_onenand_check_lock_status.clone.0
43e1c68c t s3c_onenand_command
43e1ce34 T s3c_onenand_init
43e1cb54 t s3c_onenand_readw
43e1c640 t s3c_onenand_reset
43e1cd2c t s3c_onenand_unlock_all
43e1c9d4 t s3c_onenand_wait
43e1ca88 t s3c_onenand_writew
43e1c600 t s3c_read_cmd
43f46d88 B s3c_receive_done
43e1eebc T s3c_udc_int_hndlr
43e1d424 T s3c_usb_check_current_mode
43e1ebcc T s3c_usb_check_setconf
43e1eb7c T s3c_usb_check_speed
43e1e998 T s3c_usb_clear_all_outep_nak
43e1eb94 T s3c_usb_clear_dnfile_info
43e1daa4 T s3c_usb_clear_feature
43e1d454 T s3c_usb_clear_soft_disconnect
43e1ebb0 T s3c_usb_clear_upfile_info
43e1d388 T s3c_usb_core_soft_reset
43e1e824 T s3c_usb_dma_in_done
43e1e8c4 T s3c_usb_dma_out_done
43e1e750 T s3c_usb_download_continue
43e1e630 T s3c_usb_download_start
43e1dce8 T s3c_usb_ep0_int_hndlr
43e1d980 T s3c_usb_get_desc
43e1dc70 T s3c_usb_get_status
43e1d408 T s3c_usb_init_core
43e1d46c T s3c_usb_init_device
43e1d310 T s3c_usb_init_phy
43e1e3f0 T s3c_usb_int_bulkin
43e1e7fc T s3c_usb_int_bulkout
43e1d35c T s3c_usb_phy_off
43e1ed30 T s3c_usb_pkt_receive
43e1d638 T s3c_usb_print_pkt
43e1d8b0 T s3c_usb_read_out_fifo
43e1ec54 T s3c_usb_reset
43e1e970 T s3c_usb_set_all_outep_nak
43e1ea28 T s3c_usb_set_descriptors
43e1e9f8 T s3c_usb_set_endpoint
43e1db14 T s3c_usb_set_feature
43e1d724 T s3c_usb_set_inep_xfersize
43e1ecb4 T s3c_usb_set_init
43e1e9c0 T s3c_usb_set_max_pktsize
43e1ebe4 T s3c_usb_set_opmode
43e1de40 T s3c_usb_set_otherspeed_conf_desc
43e1d758 T s3c_usb_set_outep_xfersize
43e1d43c T s3c_usb_set_soft_disconnect
43e1d624 T s3c_usb_stop
43e1edb8 T s3c_usb_transfer
43e1dec4 T s3c_usb_transfer_ep0
43e1e4d0 T s3c_usb_upload_start
43e1d684 T s3c_usb_verify_checksum
43e1d3b8 T s3c_usb_wait_cable_insert
43e1d78c T s3c_usb_write_ep0_fifo
43e1d7d8 T s3c_usb_write_in_fifo
43e1d61c T s3c_usbc_activate
43e1d498 T s3c_usbctl_init
43f46d80 B s3c_usbd_dn_addr
43f46d84 B s3c_usbd_dn_cnt
43e1c618 t s3c_write_cmd
43e1c1c4 t s5c_mshc_init
43e050fc T s5p_clock_init
43e376cc D s5p_cpu_id
43e1be68 t s5p_mshc_send_command
43e1bd44 t s5p_mshc_set_ios
43e38140 D s5p_serial0_device
43e1d0c8 T s5p_serial0_getc
43e1d06c T s5p_serial0_init
43e1d130 T s5p_serial0_putc
43e1d18c T s5p_serial0_puts
43e1d00c T s5p_serial0_setbrg
43e1cf50 T s5p_serial0_tstc
43e38178 D s5p_serial1_device
43e1d0c0 T s5p_serial1_getc
43e1d064 T s5p_serial1_init
43e1d128 T s5p_serial1_putc
43e1d184 T s5p_serial1_puts
43e1d004 T s5p_serial1_setbrg
43e1cf64 T s5p_serial1_tstc
43e381b0 D s5p_serial2_device
43e1d0b8 T s5p_serial2_getc
43e1d05c T s5p_serial2_init
43e1d120 T s5p_serial2_putc
43e1d17c T s5p_serial2_puts
43e1cffc T s5p_serial2_setbrg
43e1cf78 T s5p_serial2_tstc
43e381e8 D s5p_serial3_device
43e1d0b0 T s5p_serial3_getc
43e1d054 T s5p_serial3_init
43e1d118 T s5p_serial3_putc
43e1d174 T s5p_serial3_puts
43e1cff4 T s5p_serial3_setbrg
43e1cf8c T s5p_serial3_tstc
43e13080 T saveenv
43e13000 T saveenv_movinand
43e11f0c T sbrk
43e37d14 d sbrk_base
43e1a6a0 T sd_change_freq
43e1a30c T sd_send_op_cond
43e1a630 T sd_switch
43e053d4 T sdelay
43e1b92c t sdhci_change_clock
43e1ba18 t sdhci_reset.clone.2
43e11b3c T search_device
43e376c8 D second_boot_info
43e0a8c0 T send_ack
43e0a920 T send_nack
43e0a828 T send_pad
43e39350 B send_parms
43e3934c B send_ptr
43e16f88 T serial_assign
43e3ae48 b serial_current
43e3ae44 b serial_devices
43e170c8 T serial_getc
43e1d074 T serial_getc_dev
43e17050 T serial_init
43e1d014 T serial_init_dev
43e16fd4 T serial_initialize
43f46b40 b serial_number.2923
43e1188c T serial_printf
43e17148 T serial_putc
43e1d0d0 T serial_putc_dev
43e17188 T serial_puts
43e1d14c T serial_puts_dev
43e16edc T serial_register
43e17024 T serial_reinit_all
43e17090 T serial_setbrg
43e1cfa0 T serial_setbrg_dev
43e16ef8 T serial_stdio_init
43e17108 T serial_tstc
43e1d138 T serial_tstc_dev
43e131e4 T set_default_env
43e05134 T set_hsmmc_pre_ratio
43e13c90 T set_local_var
43e090e4 t set_partition_table
43e054a4 T set_timer
43e0fca8 T setenv
43e22a80 t setstr
43e0527c T setup_hsmmc_cfg_gpio
43e0519c T setup_hsmmc_clock
43e3aea0 b setup_packet
43e05304 T setup_sdhci0_cfg_card
00000000 a shift
00000000 a shift
43e15ce8 W show_boot_progress
43e05ca8 T show_regs
43e13c38 T simple_itoa
43e26a04 T simple_strtol
43e26958 T simple_strtoul
43e26aa0 T simple_strtoull
43e005c4 t skip_dmc
43e01384 t skip_mpll
43e22c68 t slot2str
43e1bac4 T smdk_s3c_hsmmc_init
43e1c364 T smdk_s5p_mshc_init
43e00220 t software_interrupt
43e1f144 T sohci_submit_job
43e100e0 T source
43f46b20 B speed
43e271ac T sprintf
43e053e0 T sr32
43e16c60 T srec_decode
43e00080 t stack_setup
43e2a6e8 t startAgainHandler
43e2a6d4 t startAgainTimeout
43e134fc t static_get
43e377bc d static_pcount
43e13518 t static_peek
43e17228 T stdio_clone
43e3ae88 B stdio_devices
43e171d4 T stdio_get_by_name
43e171c8 T stdio_get_list
43e172b4 T stdio_init
43e380e0 D stdio_names
43e11bb4 T stdio_print_current_devices
43e17270 T stdio_register
43e25e7c T strcat
43e25f74 T strchr
43e25efc T strcmp
43e25e38 T strcpy
43e26028 T strdup
43e265a0 t string
43e2debc R string_desc0
43e2b464 T string_to_VLAN
43e25ce4 T string_to_ip
43e25fa8 T strlen
43e26414 T strmhz
43e25eac T strncat
43e25f2c T strncmp
43e25e54 T strncpy
43e26000 T strnlen
43e2609c T strpbrk
43e25fc4 T strrchr
43e26154 T strsep
43e2605c T strspn
43e26380 T strstr
43e26188 T strswab
43e260d8 T strtok
43e1f670 T submit_bulk_msg
43e1f668 T submit_common_msg
43e1f678 T submit_control_msg
43e1f680 T submit_int_msg
43f48414 B symlinknest
43e13584 t syntax_err
43e01248 T system_clock_init
43e380d0 d tab_seq
43e1f020 t td_alloc
43e1f09c t td_fill.clone.0.clone.5
43e19958 T test_part_dos
43e38220 D test_pkt
43f7b340 b tftp_filename
43e39680 b the_command.2739
43f784b8 b timeDelta
43f784b0 b timeHandler
43f784b4 b timeStart
43e05434 T timer_init
43e38f28 b timestamp
43e39660 b top_pad
43e39674 b top_vars
43f46d90 B transfer_size
43e37d18 d trim_threshold
43e119dc T tstc
43e007cc t tzpc_init
43e15250 T u_boot_hush_start
43e00670 T uart_asm_init
43e26480 T udelay
43e2ddc0 r udivslot
43e37f10 d uimage_arch
43e38084 d uimage_comp
43e37ea4 d uimage_os
43e37ff4 d uimage_type
43e001c0 t undefined_instruction
43e13e48 T unset_local_var
43e142a4 T update_ifs_map
43e1f060 t urb_free_priv.clone.4
43f46e04 B urb_priv
43e17e0c T usb_alloc_new_device
43e174a4 T usb_bulk_msg
43e17700 T usb_clear_halt
43e17ee8 T usb_clear_hub_feature
43e17f38 T usb_clear_port_feature
43e173ec T usb_control_msg
43e3aea8 b usb_dev
43e01f2c T usb_device_copy
43e173d0 T usb_disable_asynch
43e10778 T usb_display_class_sub
43e10a54 T usb_display_conf_desc
43e10c44 T usb_display_config
43e1092c T usb_display_desc
43e10b88 T usb_display_ep_desc
43e10b00 T usb_display_if_desc
43e108ec T usb_display_string
43e106cc T usb_get_class_desc
43e17b10 T usb_get_class_descriptor
43e17808 T usb_get_configuration_no
43e177ac T usb_get_descriptor
43e17de0 T usb_get_dev_index
43e17e90 T usb_get_hub_descriptor
43e18024 T usb_get_hub_status
43e18074 T usb_get_port_status
43e17ab0 T usb_get_report
43e17b70 T usb_get_string
43e18180 T usb_hub_allocate
43e185ac T usb_hub_configure
43e3ae9c b usb_hub_index
43e184c4 T usb_hub_port_connect_change
43e17fe0 t usb_hub_power_on
43e181c8 T usb_hub_probe
43e1816c T usb_hub_reset
43e18828 T usb_init
43e1f688 T usb_lowlevel_init
43e1f690 T usb_lowlevel_stop
43e1750c T usb_maxpacket
43e18224 T usb_new_device
43e175b8 T usb_parse_config
43e187b0 T usb_scan_devices
43e178a4 T usb_set_address
43e179a0 T usb_set_configuration
43e17a54 T usb_set_idle
43e178e4 T usb_set_interface
43e17530 T usb_set_maxpacket
43e17344 t usb_set_maxpacket_ep.clone.0
43e17f8c T usb_set_port_feature
43e17a00 T usb_set_protocol
43e10ef0 T usb_show_tree
43e10cd0 T usb_show_tree_graph
43e3ae94 B usb_started
43e173a4 T usb_stop
43e17ce0 T usb_string
43e17be4 t usb_string_sub
43e173e8 T usb_submit_int_msg
43e12f48 t use_default
43e26a2c T ustrtoul
43e00508 t v310_1
43e0727c T valid_elf_image
43e12a38 T valloc
43e2dbd4 R version_string
43e11a70 T vprintf
43e26b74 T vsprintf
43e17380 T wait_ms
43e05400 T wait_on_value
43e00794 t wait_orwb
43e005e0 t wake_v310
43e0056c t wakeup_reset
43e11e38 T write_compressed_ext4
43e07cd0 t write_to_ptn_sdmmc
43e13680 t xmalloc
43e13924 t xrealloc
43e458b0 b xyz
43e19148 T xyzModem_error
43e188f8 t xyzModem_flush
43e18924 t xyzModem_get_hdr
43e19064 T xyzModem_stream_close
43e18ccc T xyzModem_stream_open
43e18e14 T xyzModem_stream_read
43e190b4 T xyzModem_stream_terminate
43e05630 W yellow_LED_off
43e0562c W yellow_LED_on
43e2eef0 R z_errmsg
43e24c34 T zalloc
43e27224 T zcalloc
43e2721c T zcfree
43e24c2c T zfree
43e24c44 T zunzip
